Component: ARM Compiler 5.06 update 6 (build 750) Tool: armlink [4d35ed]

==============================================================================

Section Cross References

    usart.o(i.USART1_IRQHandler) refers (Special) to use_no_semi_2.o(.text) for __use_no_semihosting
    usart.o(i.USART1_IRQHandler) refers to stm32f10x_usart.o(i.USART_GetITStatus) for USART_GetITStatus
    usart.o(i.USART1_IRQHandler) refers to stm32f10x_usart.o(i.USART_ReceiveData) for USART_ReceiveData
    usart.o(i.USART1_IRQHandler) refers to usart.o(.data) for USART_RX_STA
    usart.o(i.USART1_IRQHandler) refers to usart.o(.bss) for USART_RX_BUF
    usart.o(i._sys_exit) refers (Special) to use_no_semi_2.o(.text) for __use_no_semihosting
    usart.o(i.fputc) refers (Special) to use_no_semi_2.o(.text) for __use_no_semihosting
    usart.o(i.uart_init) refers (Special) to use_no_semi_2.o(.text) for __use_no_semihosting
    usart.o(i.uart_init) refers to stm32f10x_rcc.o(i.RCC_APB2PeriphClockCmd) for RCC_APB2PeriphClockCmd
    usart.o(i.uart_init) refers to stm32f10x_gpio.o(i.GPIO_Init) for GPIO_Init
    usart.o(i.uart_init) refers to misc.o(i.NVIC_Init) for NVIC_Init
    usart.o(i.uart_init) refers to stm32f10x_usart.o(i.USART_Init) for USART_Init
    usart.o(i.uart_init) refers to stm32f10x_usart.o(i.USART_ITConfig) for USART_ITConfig
    usart.o(i.uart_init) refers to stm32f10x_usart.o(i.USART_Cmd) for USART_Cmd
    usart.o(.bss) refers (Special) to use_no_semi_2.o(.text) for __use_no_semihosting
    usart.o(.data) refers (Special) to use_no_semi_2.o(.text) for __use_no_semihosting
    systick.o(i.SysTick_Handler) refers to systick.o(.data) for count
    systick.o(i.SysTick_Init) refers to system_stm32f10x.o(.data) for SystemCoreClock
    systick.o(i.delay_ms) refers to systick.o(.data) for count
    systick.o(i.delay_us) refers to systick.o(.data) for count
    main.o(i.main) refers to init.o(i.World_Init) for World_Init
    system_stm32f10x.o(i.SetSysClock) refers to system_stm32f10x.o(i.SetSysClockTo72) for SetSysClockTo72
    system_stm32f10x.o(i.SystemCoreClockUpdate) refers to system_stm32f10x.o(.data) for SystemCoreClock
    system_stm32f10x.o(i.SystemInit) refers to system_stm32f10x.o(i.SetSysClock) for SetSysClock
    wave_filter.o(i.wave_filter_mean) refers to fflt_clz.o(x$fpl$ffltu) for __aeabi_ui2f
    wave_filter.o(i.wave_filter_mean) refers to fflt_clz.o(x$fpl$fflt) for __aeabi_i2f
    wave_filter.o(i.wave_filter_mean) refers to fdiv.o(x$fpl$fdiv) for __aeabi_fdiv
    wave_filter.o(i.wave_filter_mean) refers to ffix.o(x$fpl$ffix) for __aeabi_f2iz
    wave_filter.o(i.wave_filter_median) refers to wave_filter.o(i.wave_sort) for wave_sort
    startup_stm32f10x_hd.o(STACK) refers (Special) to heapauxi.o(.text) for __use_two_region_memory
    startup_stm32f10x_hd.o(HEAP) refers (Special) to heapauxi.o(.text) for __use_two_region_memory
    startup_stm32f10x_hd.o(RESET) refers (Special) to heapauxi.o(.text) for __use_two_region_memory
    startup_stm32f10x_hd.o(RESET) refers to startup_stm32f10x_hd.o(STACK) for __initial_sp
    startup_stm32f10x_hd.o(RESET) refers to startup_stm32f10x_hd.o(.text) for Reset_Handler
    startup_stm32f10x_hd.o(RESET) refers to stm32f10x_it.o(i.NMI_Handler) for NMI_Handler
    startup_stm32f10x_hd.o(RESET) refers to stm32f10x_it.o(i.HardFault_Handler) for HardFault_Handler
    startup_stm32f10x_hd.o(RESET) refers to stm32f10x_it.o(i.MemManage_Handler) for MemManage_Handler
    startup_stm32f10x_hd.o(RESET) refers to stm32f10x_it.o(i.BusFault_Handler) for BusFault_Handler
    startup_stm32f10x_hd.o(RESET) refers to stm32f10x_it.o(i.UsageFault_Handler) for UsageFault_Handler
    startup_stm32f10x_hd.o(RESET) refers to stm32f10x_it.o(i.SVC_Handler) for SVC_Handler
    startup_stm32f10x_hd.o(RESET) refers to stm32f10x_it.o(i.DebugMon_Handler) for DebugMon_Handler
    startup_stm32f10x_hd.o(RESET) refers to stm32f10x_it.o(i.PendSV_Handler) for PendSV_Handler
    startup_stm32f10x_hd.o(RESET) refers to systick.o(i.SysTick_Handler) for SysTick_Handler
    startup_stm32f10x_hd.o(RESET) refers to adc.o(i.DMA1_Channel1_IRQHandler) for DMA1_Channel1_IRQHandler
    startup_stm32f10x_hd.o(RESET) refers to timer.o(i.TIM2_IRQHandler) for TIM2_IRQHandler
    startup_stm32f10x_hd.o(RESET) refers to timer.o(i.TIM3_IRQHandler) for TIM3_IRQHandler
    startup_stm32f10x_hd.o(RESET) refers to usart.o(i.USART1_IRQHandler) for USART1_IRQHandler
    startup_stm32f10x_hd.o(RESET) refers to timer.o(i.TIM5_IRQHandler) for TIM5_IRQHandler
    startup_stm32f10x_hd.o(.text) refers (Special) to heapauxi.o(.text) for __use_two_region_memory
    startup_stm32f10x_hd.o(.text) refers to __main.o(!!!main) for __main
    startup_stm32f10x_hd.o(.text) refers to startup_stm32f10x_hd.o(HEAP) for Heap_Mem
    startup_stm32f10x_hd.o(.text) refers to startup_stm32f10x_hd.o(STACK) for Stack_Mem
    stm32f10x_adc.o(i.ADC_DeInit) refers to stm32f10x_rcc.o(i.RCC_APB2PeriphResetCmd) for RCC_APB2PeriphResetCmd
[...]
    ..\FWLIB\src\stm32f10x_flash.c           0x00000000   Number         0  stm32f10x_flash.o ABSOLUTE
    ..\FWLIB\src\stm32f10x_fsmc.c            0x00000000   Number         0  stm32f10x_fsmc.o ABSOLUTE
    ..\FWLIB\src\stm32f10x_gpio.c            0x00000000   Number         0  stm32f10x_gpio.o ABSOLUTE
    ..\FWLIB\src\stm32f10x_i2c.c             0x00000000   Number         0  stm32f10x_i2c.o ABSOLUTE
    ..\FWLIB\src\stm32f10x_it.c              0x00000000   Number         0  stm32f10x_it.o ABSOLUTE
    ..\FWLIB\src\stm32f10x_iwdg.c            0x00000000   Number         0  stm32f10x_iwdg.o ABSOLUTE
    ..\FWLIB\src\stm32f10x_pwr.c             0x00000000   Number         0  stm32f10x_pwr.o ABSOLUTE
    ..\FWLIB\src\stm32f10x_rcc.c             0x00000000   Number         0  stm32f10x_rcc.o ABSOLUTE
    ..\FWLIB\src\stm32f10x_rtc.c             0x00000000   Number         0  stm32f10x_rtc.o ABSOLUTE
    ..\FWLIB\src\stm32f10x_sdio.c            0x00000000   Number         0  stm32f10x_sdio.o ABSOLUTE
    ..\FWLIB\src\stm32f10x_spi.c             0x00000000   Number         0  stm32f10x_spi.o ABSOLUTE
    ..\FWLIB\src\stm32f10x_tim.c             0x00000000   Number         0  stm32f10x_tim.o ABSOLUTE
    ..\FWLIB\src\stm32f10x_usart.c           0x00000000   Number         0  stm32f10x_usart.o ABSOLUTE
    ..\FWLIB\src\stm32f10x_wwdg.c            0x00000000   Number         0  stm32f10x_wwdg.o ABSOLUTE
    ..\HARDWARE\ADC\adc.c                    0x00000000   Number         0  adc.o ABSOLUTE
    ..\HARDWARE\KEY\key.c                    0x00000000   Number         0  key.o ABSOLUTE
    ..\HARDWARE\LED\LED.c                    0x00000000   Number         0  led.o ABSOLUTE
    ..\HARDWARE\OLED\OLED.c                  0x00000000   Number         0  oled.o ABSOLUTE
    ..\HARDWARE\TIMER\timer.c                0x00000000   Number         0  timer.o ABSOLUTE
    ..\HARDWARE\UART\uart.c                  0x00000000   Number         0  uart.o ABSOLUTE
    ..\STARTUP\startup_stm32f10x_hd.s        0x00000000   Number         0  startup_stm32f10x_hd.o ABSOLUTE
    ..\SYSTEM\delay\systick.c                0x00000000   Number         0  systick.o ABSOLUTE
    ..\SYSTEM\usart\usart.c                  0x00000000   Number         0  usart.o ABSOLUTE
    ..\\CORE\\core_cm3.c                     0x00000000   Number         0  core_cm3.o ABSOLUTE
    dc.s                                     0x00000000   Number         0  dc.o ABSOLUTE
    main.c                                   0x00000000   Number         0  main.o ABSOLUTE
    system_stm32f10x.c                       0x00000000   Number         0  system_stm32f10x.o ABSOLUTE
    wave_filter.c                            0x00000000   Number         0  wave_filter.o ABSOLUTE
    RESET                                    0x08000000   Section      304  startup_stm32f10x_hd.o(RESET)
    !!!main                                  0x08000130   Section        8  __main.o(!!!main)
    !!!scatter                               0x08000138   Section       52  __scatter.o(!!!scatter)
    !!handler_copy                           0x0800016c   Section       26  __scatter_copy.o(!!handler_copy)
    !!handler_zi                             0x08000188   Section       28  __scatter_zi.o(!!handler_zi)
    .ARM.Collect$$_printf_percent$$00000000  0x080001a4   Section        0  _printf_percent.o(.ARM.Collect$$_printf_percent$$00000000)
    .ARM.Collect$$_printf_percent$$00000009  0x080001a4   Section        6  _printf_d.o(.ARM.Collect$$_printf_percent$$00000009)
    .ARM.Collect$$_printf_percent$$00000017  0x080001aa   Section        4  _printf_percent_end.o(.ARM.Collect$$_printf_percent$$00000017)
    .ARM.Collect$$libinit$$00000000          0x080001ae   Section        2  libinit.o(.ARM.Collect$$libinit$$00000000)
    .ARM.Collect$$libinit$$00000002          0x080001b0   Section        0  libinit2.o(.ARM.Collect$$libinit$$00000002)
    .ARM.Collect$$libinit$$00000004          0x080001b0   Section        0  libinit2.o(.ARM.Collect$$libinit$$00000004)
    .ARM.Collect$$libinit$$0000000A          0x080001b0   Section        0  libinit2.o(.ARM.Collect$$libinit$$0000000A)
    .ARM.Collect$$libinit$$0000000C          0x080001b0   Section        0  libinit2.o(.ARM.Collect$$libinit$$0000000C)
    .ARM.Collect$$libinit$$0000000E          0x080001b0   Section        0  libinit2.o(.ARM.Collect$$libinit$$0000000E)
    .ARM.Collect$$libinit$$00000011          0x080001b0   Section        0  libinit2.o(.ARM.Collect$$libinit$$00000011)
    .ARM.Collect$$libinit$$00000013          0x080001b0   Section        0  libinit2.o(.ARM.Collect$$libinit$$00000013)
    .ARM.Collect$$libinit$$00000015          0x080001b0   Section        0  libinit2.o(.ARM.Collect$$libinit$$00000015)
    .ARM.Collect$$libinit$$00000017          0x080001b0   Section        0  libinit2.o(.ARM.Collect$$libinit$$00000017)
    .ARM.Collect$$libinit$$00000019          0x080001b0   Section        0  libinit2.o(.ARM.Collect$$libinit$$00000019)
    .ARM.Collect$$libinit$$0000001B          0x080001b0   Section        0  libinit2.o(.ARM.Collect$$libinit$$0000001B)
    .ARM.Collect$$libinit$$0000001D          0x080001b0   Section        0  libinit2.o(.ARM.Collect$$libinit$$0000001D)
    .ARM.Collect$$libinit$$0000001F          0x080001b0   Section        0  libinit2.o(.ARM.Collect$$libinit$$0000001F)
    .ARM.Collect$$libinit$$00000021          0x080001b0   Section        0  libinit2.o(.ARM.Collect$$libinit$$00000021)
    .ARM.Collect$$libinit$$00000023          0x080001b0   Section        0  libinit2.o(.ARM.Collect$$libinit$$00000023)
    .ARM.Collect$$libinit$$00000025          0x080001b0   Section        0  libinit2.o(.ARM.Collect$$libinit$$00000025)
    .ARM.Collect$$libinit$$0000002C          0x080001b0   Section        0  libinit2.o(.ARM.Collect$$libinit$$0000002C)
    .ARM.Collect$$libinit$$0000002E          0x080001b0   Section        0  libinit2.o(.ARM.Collect$$libinit$$0000002E)
    .ARM.Collect$$libinit$$00000030          0x080001b0   Section        0  libinit2.o(.ARM.Collect$$libinit$$00000030)
    .ARM.Collect$$libinit$$00000032          0x080001b0   Section        0  libinit2.o(.ARM.Collect$$libinit$$00000032)
    .ARM.Collect$$libinit$$00000033          0x080001b0   Section        2  libinit2.o(.ARM.Collect$$libinit$$00000033)
    .ARM.Collect$$libshutdown$$00000000      0x080001b2   Section        2  libshutdown.o(.ARM.Collect$$libshutdown$$00000000)
    .ARM.Collect$$libshutdown$$00000002      0x080001b4   Section        0  libshutdown2.o(.ARM.Collect$$libshutdown$$00000002)
    .ARM.Collect$$libshutdown$$00000004      0x080001b4   Section        0  libshutdown2.o(.ARM.Collect$$libshutdown$$00000004)
    .ARM.Collect$$libshutdown$$00000007      0x080001b4   Section        0  libshutdown2.o(.ARM.Collect$$libshutdown$$00000007)
    .ARM.Collect$$libshutdown$$0000000A      0x080001b4   Section        0  libshutdown2.o(.ARM.Collect$$libshutdown$$0000000A)
    .ARM.Collect$$libshutdown$$0000000C      0x080001b4   Section        0  libshutdown2.o(.ARM.Collect$$libshutdown$$0000000C)
    .ARM.Collect$$libshutdown$$0000000F      0x080001b4   Section        0  libshutdown2.o(.ARM.Collect$$libshutdown$$0000000F)
    .ARM.Collect$$libshutdown$$00000010      0x080001b4   Section        2  libshutdown2.o(.ARM.Collect$$libshutdown$$00000010)
    .ARM.Collect$$rtentry$$00000000          0x080001b6   Section        0  __rtentry.o(.ARM.Collect$$rtentry$$00000000)
    .ARM.Collect$$rtentry$$00000002          0x080001b6   Section        0  __rtentry2.o(.ARM.Collect$$rtentry$$00000002)
    .ARM.Collect$$rtentry$$00000004          0x080001b6   Section        6  __rtentry4.o(.ARM.Collect$$rtentry$$00000004)
    .ARM.Collect$$rtentry$$00000009          0x080001bc   Section        0  __rtentry2.o(.ARM.Collect$$rtentry$$00000009)
    .ARM.Collect$$rtentry$$0000000A          0x080001bc   Section        4  __rtentry2.o(.ARM.Collect$$rtentry$$0000000A)
    .ARM.Collect$$rtentry$$0000000C          0x080001c0   Section        0  __rtentry2.o(.ARM.Collect$$rtentry$$0000000C)
    .ARM.Collect$$rtentry$$0000000D          0x080001c0   Section        8  __rtentry2.o(.ARM.Collect$$rtentry$$0000000D)
    .ARM.Collect$$rtexit$$00000000           0x080001c8   Section        2  rtexit.o(.ARM.Collect$$rtexit$$00000000)
    .ARM.Collect$$rtexit$$00000002           0x080001ca   Section        0  rtexit2.o(.ARM.Collect$$rtexit$$00000002)
    .ARM.Collect$$rtexit$$00000003           0x080001ca   Section        4  rtexit2.o(.ARM.Collect$$rtexit$$00000003)
    .ARM.Collect$$rtexit$$00000004           0x080001ce   Section        6  rtexit2.o(.ARM.Collect$$rtexit$$00000004)
    .text                                    0x080001d4   Section       56  startup_stm32f10x_hd.o(.text)
    .text                                    0x0800020c   Section        2  use_no_semi_2.o(.text)
    .text                                    0x08000210   Section        0  noretval__2printf.o(.text)
    .text                                    0x08000228   Section        0  noretval__2sprintf.o(.text)
    .text                                    0x08000250   Section        0  _printf_pad.o(.text)
    .text                                    0x080002a0   Section        0  _printf_dec.o(.text)
    .text                                    0x08000318   Section        0  __printf_wp.o(.text)
    .text                                    0x08000426   Section      138  rt_memcpy_v6.o(.text)
    .text                                    0x080004b0   Section        0  heapauxi.o(.text)
    .text                                    0x080004b6   Section        2  use_no_semi.o(.text)
    .text                                    0x080004b8   Section        0  _printf_intcommon.o(.text)
    .text                                    0x0800056c   Section        0  _printf_char_common.o(.text)
    _printf_input_char                       0x0800056d   Thumb Code    10  _printf_char_common.o(.text)
    .text                                    0x0800059c   Section        0  _sputc.o(.text)
    .text                                    0x080005a8   Section        0  _printf_char_file.o(.text)
    .text                                    0x080005cc   Section      100  rt_memcpy_w.o(.text)
    .text                                    0x08000630   Section        0  ferror.o(.text)
    .text                                    0x08000638   Section       74  sys_stackheap_outer.o(.text)
    .text                                    0x08000682   Section        0  exit.o(.text)
    .text                                    0x08000694   Section        8  libspace.o(.text)
    i.ADC_Cmd                                0x0800069c   Section        0  stm32f10x_adc.o(i.ADC_Cmd)
    i.ADC_DMACmd                             0x080006b2   Section        0  stm32f10x_adc.o(i.ADC_DMACmd)
    i.ADC_DeInit                             0x080006c8   Section        0  stm32f10x_adc.o(i.ADC_DeInit)
    i.ADC_ExternalTrigConvCmd                0x08000724   Section        0  stm32f10x_adc.o(i.ADC_ExternalTrigConvCmd)
    i.ADC_GetCalibrationStatus               0x0800073a   Section        0  stm32f10x_adc.o(i.ADC_GetCalibrationStatus)
    i.ADC_GetResetCalibrationStatus          0x0800074e   Section        0  stm32f10x_adc.o(i.ADC_GetResetCalibrationStatus)
    i.ADC_Init                               0x08000764   Section        0  stm32f10x_adc.o(i.ADC_Init)
    i.ADC_RegularChannelConfig               0x080007b4   Section        0  stm32f10x_adc.o(i.ADC_RegularChannelConfig)
    i.ADC_ResetCalibration                   0x0800086c   Section        0  stm32f10x_adc.o(i.ADC_ResetCalibration)
    i.ADC_StartCalibration                   0x08000876   Section        0  stm32f10x_adc.o(i.ADC_StartCalibration)
    i.BusFault_Handler                       0x08000880   Section        0  stm32f10x_it.o(i.BusFault_Handler)
    i.DMA1_Channel1_IRQHandler               0x08000884   Section        0  adc.o(i.DMA1_Channel1_IRQHandler)
    i.DMA_ClearITPendingBit                  0x0800089c   Section        0  stm32f10x_dma.o(i.DMA_ClearITPendingBit)
    i.DMA_Cmd                                0x080008b8   Section        0  stm32f10x_dma.o(i.DMA_Cmd)
    i.DMA_DeInit                             0x080008d0   Section        0  stm32f10x_dma.o(i.DMA_DeInit)
    i.DMA_GetITStatus                        0x08000a1c   Section        0  stm32f10x_dma.o(i.DMA_GetITStatus)
    i.DMA_ITConfig                           0x08000a48   Section        0  stm32f10x_dma.o(i.DMA_ITConfig)
    i.DMA_Init                               0x08000a5a   Section        0  stm32f10x_dma.o(i.DMA_Init)
    i.DebugMon_Handler                       0x08000a96   Section        0  stm32f10x_it.o(i.DebugMon_Handler)
    i.GPIO_Init                              0x08000a98   Section        0  stm32f10x_gpio.o(i.GPIO_Init)
    i.GPIO_PinRemapConfig                    0x08000bb0   Section        0  stm32f10x_gpio.o(i.GPIO_PinRemapConfig)
    i.GPIO_ReadInputDataBit                  0x08000c40   Section        0  stm32f10x_gpio.o(i.GPIO_ReadInputDataBit)
    i.GPIO_ResetBits                         0x08000c52   Section        0  stm32f10x_gpio.o(i.GPIO_ResetBits)
    i.GPIO_SetBits                           0x08000c56   Section        0  stm32f10x_gpio.o(i.GPIO_SetBits)
    i.GUI_ADC_Updata                         0x08000c5c   Section        0  gui.o(i.GUI_ADC_Updata)
    i.GUI_Init                               0x08000d54   Section        0  gui.o(i.GUI_Init)
    i.GUI_Key_Updata                         0x08000e18   Section        0  gui.o(i.GUI_Key_Updata)
    i.G_IS_BIT_SET                           0x08000e90   Section        0  key.o(i.G_IS_BIT_SET)
    i.G_RESET_BIT                            0x08000ea2   Section        0  key.o(i.G_RESET_BIT)
    i.G_SET_BIT                              0x08000ebe   Section        0  key.o(i.G_SET_BIT)
    i.HardFault_Handler                      0x08000eca   Section        0  stm32f10x_it.o(i.HardFault_Handler)
    i.IIC_Start                              0x08000ed0   Section        0  oled.o(i.IIC_Start)
    i.IIC_Stop                               0x08000ef8   Section        0  oled.o(i.IIC_Stop)
    i.IIC_Wait_Ack                           0x08000f18   Section        0  oled.o(i.IIC_Wait_Ack)
    i.JOY_ADC_Calibration                    0x08000f30   Section        0  adc.o(i.JOY_ADC_Calibration)
    i.JOY_ADC_Init                           0x080010c8   Section        0  adc.o(i.JOY_ADC_Init)
    i.Key_Init                               0x08001230   Section        0  key.o(i.Key_Init)
    i.Key_Pro                                0x08001464   Section        0  key.o(i.Key_Pro)
    i.LED_Init                               0x080014a0   Section        0  led.o(i.LED_Init)
    i.LED_Task                               0x080014e0   Section        0  led.o(i.LED_Task)
    i.MemManage_Handler                      0x08001514   Section        0  stm32f10x_it.o(i.MemManage_Handler)
    i.NMI_Handler                            0x08001518   Section        0  stm32f10x_it.o(i.NMI_Handler)
    i.NVIC_Init                              0x0800151c   Section        0  misc.o(i.NVIC_Init)
    i.NVIC_PriorityGroupConfig               0x0800158c   Section        0  misc.o(i.NVIC_PriorityGroupConfig)
    i.OLED_Clear                             0x080015a0   Section        0  oled.o(i.OLED_Clear)
    i.OLED_Display_On                        0x080015de   Section        0  oled.o(i.OLED_Display_On)
    i.OLED_Init                              0x080015fc   Section        0  oled.o(i.OLED_Init)
    i.OLED_Set_Pos                           0x0800170c   Section        0  oled.o(i.OLED_Set_Pos)
    i.OLED_ShowChar                          0x08001734   Section        0  oled.o(i.OLED_ShowChar)
    i.OLED_ShowString                        0x080017d8   Section        0  oled.o(i.OLED_ShowString)
    i.OLED_WR_Byte                           0x08001812   Section        0  oled.o(i.OLED_WR_Byte)
    i.PackDeal                               0x0800182c   Section        0  transmit.o(i.PackDeal)
    i.PendSV_Handler                         0x08001924   Section        0  stm32f10x_it.o(i.PendSV_Handler)
    i.RCC_ADCCLKConfig                       0x08001928   Section        0  stm32f10x_rcc.o(i.RCC_ADCCLKConfig)
    i.RCC_AHBPeriphClockCmd                  0x08001940   Section        0  stm32f10x_rcc.o(i.RCC_AHBPeriphClockCmd)
    i.RCC_APB1PeriphClockCmd                 0x08001960   Section        0  stm32f10x_rcc.o(i.RCC_APB1PeriphClockCmd)
    i.RCC_APB2PeriphClockCmd                 0x08001980   Section        0  stm32f10x_rcc.o(i.RCC_APB2PeriphClockCmd)
    i.RCC_APB2PeriphResetCmd                 0x080019a0   Section        0  stm32f10x_rcc.o(i.RCC_APB2PeriphResetCmd)
    i.RCC_GetClocksFreq                      0x080019c0   Section        0  stm32f10x_rcc.o(i.RCC_GetClocksFreq)
    i.SVC_Handler                            0x08001a94   Section        0  stm32f10x_it.o(i.SVC_Handler)
    i.SX1278_Init                            0x08001a98   Section        0  transmit.o(i.SX1278_Init)
    i.SX1278_Transmit                        0x08001ae8   Section        0  transmit.o(i.SX1278_Transmit)
    i.SetSysClock                            0x08001b2c   Section        0  system_stm32f10x.o(i.SetSysClock)
    SetSysClock                              0x08001b2d   Thumb Code     8  system_stm32f10x.o(i.SetSysClock)
    i.SetSysClockTo72                        0x08001b34   Section        0  system_stm32f10x.o(i.SetSysClockTo72)
    SetSysClockTo72                          0x08001b35   Thumb Code   214  system_stm32f10x.o(i.SetSysClockTo72)
    i.SysTick_Handler                        0x08001c14   Section        0  systick.o(i.SysTick_Handler)
    i.SysTick_Init                           0x08001c2c   Section        0  systick.o(i.SysTick_Init)
    i.SystemInit                             0x08001c5c   Section        0  system_stm32f10x.o(i.SystemInit)
    i.TIM2_IRQHandler                        0x08001cbc   Section        0  timer.o(i.TIM2_IRQHandler)
    i.TIM2_Init                              0x08001cdc   Section        0  timer.o(i.TIM2_Init)
    i.TIM3_IRQHandler                        0x08001d38   Section        0  timer.o(i.TIM3_IRQHandler)
    i.TIM3_Init                              0x08001d58   Section        0  timer.o(i.TIM3_Init)
    i.TIM4_Init                              0x08001dbc   Section        0  timer.o(i.TIM4_Init)
    i.TIM5_IRQHandler                        0x08001e2c   Section        0  timer.o(i.TIM5_IRQHandler)
    i.TIM5_Init                              0x08001e4c   Section        0  timer.o(i.TIM5_Init)
    i.TIM_ARRPreloadConfig                   0x08001eac   Section        0  stm32f10x_tim.o(i.TIM_ARRPreloadConfig)
    i.TIM_ClearITPendingBit                  0x08001ec4   Section        0  stm32f10x_tim.o(i.TIM_ClearITPendingBit)
    i.TIM_Cmd                                0x08001eca   Section        0  stm32f10x_tim.o(i.TIM_Cmd)
    i.TIM_GetITStatus                        0x08001ee2   Section        0  stm32f10x_tim.o(i.TIM_GetITStatus)
    i.TIM_ITConfig                           0x08001f04   Section        0  stm32f10x_tim.o(i.TIM_ITConfig)
    i.TIM_OC4Init                            0x08001f18   Section        0  stm32f10x_tim.o(i.TIM_OC4Init)
    i.TIM_OC4PreloadConfig                   0x08001f94   Section        0  stm32f10x_tim.o(i.TIM_OC4PreloadConfig)
    i.TIM_TimeBaseInit                       0x08001fb0   Section        0  stm32f10x_tim.o(i.TIM_TimeBaseInit)
    i.Task_30ms                              0x08002054   Section        0  task.o(i.Task_30ms)
    i.Task_500ms                             0x08002060   Section        0  task.o(i.Task_500ms)
    i.UART3_Init                             0x08002068   Section        0  uart.o(i.UART3_Init)
    i.USART1_IRQHandler                      0x080020f0   Section        0  usart.o(i.USART1_IRQHandler)
    i.USART_Cmd                              0x08002178   Section        0  stm32f10x_usart.o(i.USART_Cmd)
    i.USART_GetFlagStatus                    0x08002190   Section        0  stm32f10x_usart.o(i.USART_GetFlagStatus)
    i.USART_GetITStatus                      0x080021aa   Section        0  stm32f10x_usart.o(i.USART_GetITStatus)
    i.USART_ITConfig                         0x080021fe   Section        0  stm32f10x_usart.o(i.USART_ITConfig)
    i.USART_Init                             0x08002248   Section        0  stm32f10x_usart.o(i.USART_Init)
    i.USART_ReceiveData                      0x08002320   Section        0  stm32f10x_usart.o(i.USART_ReceiveData)
    i.UsageFault_Handler                     0x0800232a   Section        0  stm32f10x_it.o(i.UsageFault_Handler)
    i.World_Init                             0x08002330   Section        0  init.o(i.World_Init)
    i.Write_IIC_Byte                         0x0800238c   Section        0  oled.o(i.Write_IIC_Byte)
    i.Write_IIC_Command                      0x080023e0   Section        0  oled.o(i.Write_IIC_Command)
    i.Write_IIC_Data                         0x0800240c   Section        0  oled.o(i.Write_IIC_Data)
    i._is_digit                              0x08002438   Section        0  __printf_wp.o(i._is_digit)
    i._sys_exit                              0x08002446   Section        0  usart.o(i._sys_exit)
    i.delay_ms                               0x0800244c   Section        0  systick.o(i.delay_ms)
    i.drv_uart_tx_bytes                      0x08002490   Section        0  uart.o(i.drv_uart_tx_bytes)
    i.fputc                                  0x080024c0   Section        0  usart.o(i.fputc)
    i.getKey                                 0x080024dc   Section        0  key.o(i.getKey)
    i.key10Press                             0x08002544   Section        0  key.o(i.key10Press)
    i.key11Press                             0x08002554   Section        0  key.o(i.key11Press)
    i.key12Press                             0x08002564   Section        0  key.o(i.key12Press)
    i.key13Press                             0x08002574   Section        0  key.o(i.key13Press)
    i.key14Press                             0x08002584   Section        0  key.o(i.key14Press)
    i.key15Press                             0x08002594   Section        0  key.o(i.key15Press)
    i.key16Press                             0x080025a4   Section        0  key.o(i.key16Press)
    i.key1Press                              0x080025b4   Section        0  key.o(i.key1Press)
    i.key2Press                              0x080025c4   Section        0  key.o(i.key2Press)
    i.key3Press                              0x080025d4   Section        0  key.o(i.key3Press)
    i.key4Press                              0x080025e4   Section        0  key.o(i.key4Press)
    i.key5Press                              0x080025f4   Section        0  key.o(i.key5Press)
    i.key6Press                              0x08002604   Section        0  key.o(i.key6Press)
    i.key7Press                              0x08002614   Section        0  key.o(i.key7Press)
    i.key8Press                              0x08002624   Section        0  key.o(i.key8Press)
    i.key9Press                              0x08002634   Section        0  key.o(i.key9Press)
    i.keyHandle                              0x08002644   Section        0  key.o(i.keyHandle)
    i.keyInitOne                             0x080026a8   Section        0  key.o(i.keyInitOne)
    i.keyParaInit                            0x08002700   Section        0  key.o(i.keyParaInit)
    i.main                                   0x0800277c   Section        0  main.o(i.main)
    i.readKeyValue                           0x08002784   Section        0  key.o(i.readKeyValue)
    i.uart_init                              0x080027c8   Section        0  usart.o(i.uart_init)
    i.wave_filter_median                     0x08002868   Section        0  wave_filter.o(i.wave_filter_median)
    i.wave_sort                              0x080028c8   Section        0  wave_filter.o(i.wave_sort)
    x$fpl$fdiv                               0x08002910   Section      388  fdiv.o(x$fpl$fdiv)
    _fdiv1                                   0x08002911   Thumb Code     0  fdiv.o(x$fpl$fdiv)
    x$fpl$ffix                               0x08002a94   Section       54  ffix.o(x$fpl$ffix)
    x$fpl$fflt                               0x08002acc   Section       48  fflt_clz.o(x$fpl$fflt)
    x$fpl$fmul                               0x08002afc   Section      258  fmul.o(x$fpl$fmul)
    x$fpl$fnaninf                            0x08002bfe   Section      140  fnaninf.o(x$fpl$fnaninf)
    x$fpl$fretinf                            0x08002c8a   Section       10  fretinf.o(x$fpl$fretinf)
    .constdata                               0x08002c94   Section     8152  oled.o(.constdata)
    x$fpl$usenofp                            0x08002c94   Section        0  usenofp.o(x$fpl$usenofp)
    .data                                    0x20000000   Section        6  usart.o(.data)
    .data                                    0x20000008   Section        4  systick.o(.data)
    .data                                    0x2000000c   Section       20  system_stm32f10x.o(.data)
    .data                                    0x20000020   Section       20  stm32f10x_rcc.o(.data)
    APBAHBPrescTable                         0x20000020   Data          16  stm32f10x_rcc.o(.data)
    ADCPrescTable                            0x20000030   Data           4  stm32f10x_rcc.o(.data)
    .data                                    0x20000034   Section       16  key.o(.data)
    keyTotolNum                              0x20000034   Data           1  key.o(.data)
    key_total                                0x20000040   Data           1  key.o(.data)
    i                                        0x20000041   Data           1  key.o(.data)
    keyScanFlag                              0x20000042   Data           1  key.o(.data)
    keyCountTime                             0x20000043   Data           1  key.o(.data)
    .data                                    0x20000044   Section        6  gui.o(.data)
    keyTotolNum                              0x20000044   Data           1  gui.o(.data)
    i                                        0x20000045   Data           1  gui.o(.data)
    str                                      0x20000046   Data           4  gui.o(.data)
    .data                                    0x2000004a   Section        3  transmit.o(.data)
    keyTotolNum                              0x2000004a   Data           1  transmit.o(.data)
    i                                        0x2000004b   Data           1  transmit.o(.data)
    i                                        0x2000004c   Data           1  transmit.o(.data)
    .bss                                     0x20000050   Section      200  usart.o(.bss)
    .bss                                     0x20000118   Section      288  key.o(.bss)
    .bss                                     0x20000238   Section      112  adc.o(.bss)
    filter                                   0x20000262   Data          70  adc.o(.bss)
    .bss                                     0x200002a8   Section       20  transmit.o(.bss)
    .bss                                     0x200002bc   Section       96  libspace.o(.bss)
    HEAP                                     0x20000320   Section      512  startup_stm32f10x_hd.o(HEAP)
    Heap_Mem                                 0x20000320   Data         512  startup_stm32f10x_hd.o(HEAP)
    STACK                                    0x20000520   Section     1024  startup_stm32f10x_hd.o(STACK)
    Stack_Mem                                0x20000520   Data        1024  startup_stm32f10x_hd.o(STACK)
    __initial_sp                             0x20000920   Data           0  startup_stm32f10x_hd.o(STACK)

    Global Symbols

    Symbol Name                              Value     Ov Type        Size  Object(Section)

    BuildAttributes$$THM_ISAv4$P$D$K$B$S$PE$A:L22UL41UL21$X:L11$S22US41US21$IEEE1$IW$USESV6$~STKCKD$USESV7$~SHL$OSPACE$ROPI$EBA8$UX$STANDARDLIB$REQ8$PRES8$EABIv2 0x00000000   Number         0  anon$$obj.o ABSOLUTE
    __ARM_use_no_argv                        0x00000000   Number         0  main.o ABSOLUTE
    _printf_flags                            0x00000000   Number         0  printf_stubs.o ABSOLUTE
    _printf_return_value                     0x00000000   Number         0  printf_stubs.o ABSOLUTE
    _printf_sizespec                         0x00000000   Number         0  printf_stubs.o ABSOLUTE
    _printf_widthprec                        0x00000000   Number         0  printf_stubs.o ABSOLUTE
    __ARM_exceptions_init                     - Undefined Weak Reference
    __alloca_initialize                       - Undefined Weak Reference
    __arm_preinit_                            - Undefined Weak Reference
    __cpp_initialize__aeabi_                  - Undefined Weak Reference
    __cxa_finalize                            - Undefined Weak Reference
    __rt_locale                               - Undefined Weak Reference
    __sigvec_lookup                           - Undefined Weak Reference
    _atexit_init                              - Undefined Weak Reference
    _call_atexit_fns                          - Undefined Weak Reference
    _clock_init                               - Undefined Weak Reference
    _fp_trap_init                             - Undefined Weak Reference
    _fp_trap_shutdown                         - Undefined Weak Reference
    _get_lc_collate                           - Undefined Weak Reference
    _get_lc_ctype                             - Undefined Weak Reference
    _get_lc_monetary                          - Undefined Weak Reference
    _get_lc_numeric                           - Undefined Weak Reference
    _get_lc_time                              - Undefined Weak Reference
    _getenv_init                              - Undefined Weak Reference
    _handle_redirection                       - Undefined Weak Reference
    _init_alloc                               - Undefined Weak Reference
    _init_user_alloc                          - Undefined Weak Reference
    _initio                                   - Undefined Weak Reference
    _mutex_acquire                            - Undefined Weak Reference
    _mutex_release                            - Undefined Weak Reference
    _printf_truncate_signed                   - Undefined Weak Reference
    _printf_truncate_unsigned                 - Undefined Weak Reference
    _rand_init                                - Undefined Weak Reference
    _signal_finish                            - Undefined Weak Reference
    _signal_init                              - Undefined Weak Reference
    _terminate_alloc                          - Undefined Weak Reference
    _terminate_user_alloc                     - Undefined Weak Reference
    _terminateio                              - Undefined Weak Reference
    __Vectors_Size                           0x00000130   Number         0  startup_stm32f10x_hd.o ABSOLUTE
    __Vectors                                0x08000000   Data           4  startup_stm32f10x_hd.o(RESET)
    __Vectors_End                            0x08000130   Data           0  startup_stm32f10x_hd.o(RESET)
    __main                                   0x08000131   Thumb Code     8  __main.o(!!!main)
    __scatterload                            0x08000139   Thumb Code     0  __scatter.o(!!!scatter)
    __scatterload_rt2                        0x08000139   Thumb Code    44  __scatter.o(!!!scatter)
    __scatterload_rt2_thumb_only             0x08000139   Thumb Code     0  __scatter.o(!!!scatter)
    __scatterload_null                       0x08000147   Thumb Code     0  __scatter.o(!!!scatter)
    __scatterload_copy                       0x0800016d   Thumb Code    26  __scatter_copy.o(!!handler_copy)
    __scatterload_zeroinit                   0x08000189   Thumb Code    28  __scatter_zi.o(!!handler_zi)
    _printf_d                                0x080001a5   Thumb Code     0  _printf_d.o(.ARM.Collect$$_printf_percent$$00000009)
    _printf_percent                          0x080001a5   Thumb Code     0  _printf_percent.o(.ARM.Collect$$_printf_percent$$00000000)
    _printf_percent_end                      0x080001ab   Thumb Code     0  _printf_percent_end.o(.ARM.Collect$$_printf_percent$$00000017)
    __rt_lib_init                            0x080001af   Thumb Code     0  libinit.o(.ARM.Collect$$libinit$$00000000)
    __rt_lib_init_alloca_1                   0x080001b1   Thumb Code     0  libinit2.o(.ARM.Collect$$libinit$$0000002E)
    __rt_lib_init_argv_1                     0x080001b1   Thumb Code     0  libinit2.o(.ARM.Collect$$libinit$$0000002C)
    __rt_lib_init_atexit_1                   0x080001b1   Thumb Code     0  libinit2.o(.ARM.Collect$$libinit$$0000001B)
    __rt_lib_init_clock_1                    0x080001b1   Thumb Code     0  libinit2.o(.ARM.Collect$$libinit$$00000021)
    __rt_lib_init_cpp_1                      0x080001b1   Thumb Code     0  libinit2.o(.ARM.Collect$$libinit$$00000032)
    __rt_lib_init_exceptions_1               0x080001b1   Thumb Code     0  libinit2.o(.ARM.Collect$$libinit$$00000030)
    __rt_lib_init_fp_1                       0x080001b1   Thumb Code     0  libinit2.o(.ARM.Collect$$libinit$$00000002)
    __rt_lib_init_fp_trap_1                  0x080001b1   Thumb Code     0  libinit2.o(.ARM.Collect$$libinit$$0000001F)
    __rt_lib_init_getenv_1                   0x080001b1   Thumb Code     0  libinit2.o(.ARM.Collect$$libinit$$00000023)
    __rt_lib_init_heap_1                     0x080001b1   Thumb Code     0  libinit2.o(.ARM.Collect$$libinit$$0000000A)
    __rt_lib_init_lc_collate_1               0x080001b1   Thumb Code     0  libinit2.o(.ARM.Collect$$libinit$$00000011)
    __rt_lib_init_lc_ctype_1                 0x080001b1   Thumb Code     0  libinit2.o(.ARM.Collect$$libinit$$00000013)
    __rt_lib_init_lc_monetary_1              0x080001b1   Thumb Code     0  libinit2.o(.ARM.Collect$$libinit$$00000015)
    __rt_lib_init_lc_numeric_1               0x080001b1   Thumb Code     0  libinit2.o(.ARM.Collect$$libinit$$00000017)
    __rt_lib_init_lc_time_1                  0x080001b1   Thumb Code     0  libinit2.o(.ARM.Collect$$libinit$$00000019)
    __rt_lib_init_preinit_1                  0x080001b1   Thumb Code     0  libinit2.o(.ARM.Collect$$libinit$$00000004)
    __rt_lib_init_rand_1                     0x080001b1   Thumb Code     0  libinit2.o(.ARM.Collect$$libinit$$0000000E)
    __rt_lib_init_return                     0x080001b1   Thumb Code     0  libinit2.o(.ARM.Collect$$libinit$$00000033)
    __rt_lib_init_signal_1                   0x080001b1   Thumb Code     0  libinit2.o(.ARM.Collect$$libinit$$0000001D)
    __rt_lib_init_stdio_1                    0x080001b1   Thumb Code     0  libinit2.o(.ARM.Collect$$libinit$$00000025)
    __rt_lib_init_user_alloc_1               0x080001b1   Thumb Code     0  libinit2.o(.ARM.Collect$$libinit$$0000000C)
    __rt_lib_shutdown                        0x080001b3   Thumb Code     0  libshutdown.o(.ARM.Collect$$libshutdown$$00000000)
    __rt_lib_shutdown_cpp_1                  0x080001b5   Thumb Code     0  libshutdown2.o(.ARM.Collect$$libshutdown$$00000002)
    __rt_lib_shutdown_fp_trap_1              0x080001b5   Thumb Code     0  libshutdown2.o(.ARM.Collect$$libshutdown$$00000007)
    __rt_lib_shutdown_heap_1                 0x080001b5   Thumb Code     0  libshutdown2.o(.ARM.Collect$$libshutdown$$0000000F)
    __rt_lib_shutdown_return                 0x080001b5   Thumb Code     0  libshutdown2.o(.ARM.Collect$$libshutdown$$00000010)
    __rt_lib_shutdown_signal_1               0x080001b5   Thumb Code     0  libshutdown2.o(.ARM.Collect$$libshutdown$$0000000A)
    __rt_lib_shutdown_stdio_1                0x080001b5   Thumb Code     0  libshutdown2.o(.ARM.Collect$$libshutdown$$00000004)
    __rt_lib_shutdown_user_alloc_1           0x080001b5   Thumb Code     0  libshutdown2.o(.ARM.Collect$$libshutdown$$0000000C)
    __rt_entry                               0x080001b7   Thumb Code     0  __rtentry.o(.ARM.Collect$$rtentry$$00000000)
    __rt_entry_presh_1                       0x080001b7   Thumb Code     0  __rtentry2.o(.ARM.Collect$$rtentry$$00000002)
    __rt_entry_sh                            0x080001b7   Thumb Code     0  __rtentry4.o(.ARM.Collect$$rtentry$$00000004)
    __rt_entry_li                            0x080001bd   Thumb Code     0  __rtentry2.o(.ARM.Collect$$rtentry$$0000000A)
    __rt_entry_postsh_1                      0x080001bd   Thumb Code     0  __rtentry2.o(.ARM.Collect$$rtentry$$00000009)
    __rt_entry_main                          0x080001c1   Thumb Code     0  __rtentry2.o(.ARM.Collect$$rtentry$$0000000D)
    __rt_entry_postli_1                      0x080001c1   Thumb Code     0  __rtentry2.o(.ARM.Collect$$rtentry$$0000000C)
    __rt_exit                                0x080001c9   Thumb Code     0  rtexit.o(.ARM.Collect$$rtexit$$00000000)
    __rt_exit_ls                             0x080001cb   Thumb Code     0  rtexit2.o(.ARM.Collect$$rtexit$$00000003)
    __rt_exit_prels_1                        0x080001cb   Thumb Code     0  rtexit2.o(.ARM.Collect$$rtexit$$00000002)
    __rt_exit_exit                           0x080001cf   Thumb Code     0  rtexit2.o(.ARM.Collect$$rtexit$$00000004)
    Reset_Handler                            0x080001d5   Thumb Code     4  startup_stm32f10x_hd.o(.text)
    ADC1_2_IRQHandler                        0x080001eb   Thumb Code     0  startup_stm32f10x_hd.o(.text)
    ADC3_IRQHandler                          0x080001eb   Thumb Code     0  startup_stm32f10x_hd.o(.text)
    CAN1_RX1_IRQHandler                      0x080001eb   Thumb Code     0  startup_stm32f10x_hd.o(.text)
    CAN1_SCE_IRQHandler                      0x080001eb   Thumb Code     0  startup_stm32f10x_hd.o(.text)
    DMA1_Channel2_IRQHandler                 0x080001eb   Thumb Code     0  startup_stm32f10x_hd.o(.text)
    DMA1_Channel3_IRQHandler                 0x080001eb   Thumb Code     0  startup_stm32f10x_hd.o(.text)
    DMA1_Channel4_IRQHandler                 0x080001eb   Thumb Code     0  startup_stm32f10x_hd.o(.text)
    DMA1_Channel5_IRQHandler                 0x080001eb   Thumb Code     0  startup_stm32f10x_hd.o(.text)
    DMA1_Channel6_IRQHandler                 0x080001eb   Thumb Code     0  startup_stm32f10x_hd.o(.text)
    DMA1_Channel7_IRQHandler                 0x080001eb   Thumb Code     0  startup_stm32f10x_hd.o(.text)
    DMA2_Channel1_IRQHandler                 0x080001eb   Thumb Code     0  startup_stm32f10x_hd.o(.text)
    DMA2_Channel2_IRQHandler                 0x080001eb   Thumb Code     0  startup_stm32f10x_hd.o(.text)
    DMA2_Channel3_IRQHandler                 0x080001eb   Thumb Code     0  startup_stm32f10x_hd.o(.text)
    DMA2_Channel4_5_IRQHandler               0x080001eb   Thumb Code     0  startup_stm32f10x_hd.o(.text)
    EXTI0_IRQHandler                         0x080001eb   Thumb Code     0  startup_stm32f10x_hd.o(.text)
    EXTI15_10_IRQHandler                     0x080001eb   Thumb Code     0  startup_stm32f10x_hd.o(.text)
    EXTI1_IRQHandler                         0x080001eb   Thumb Code     0  startup_stm32f10x_hd.o(.text)
    EXTI2_IRQHandler                         0x080001eb   Thumb Code     0  startup_stm32f10x_hd.o(.text)
    EXTI3_IRQHandler                         0x080001eb   Thumb Code     0  startup_stm32f10x_hd.o(.text)
    EXTI4_IRQHandler                         0x080001eb   Thumb Code     0  startup_stm32f10x_hd.o(.text)
    EXTI9_5_IRQHandler                       0x080001eb   Thumb Code     0  startup_stm32f10x_hd.o(.text)
    FLASH_IRQHandler                         0x080001eb   Thumb Code     0  startup_stm32f10x_hd.o(.text)
    FSMC_IRQHandler                          0x080001eb   Thumb Code     0  startup_stm32f10x_hd.o(.text)
    I2C1_ER_IRQHandler                       0x080001eb   Thumb Code     0  startup_stm32f10x_hd.o(.text)
    I2C1_EV_IRQHandler                       0x080001eb   Thumb Code     0  startup_stm32f10x_hd.o(.text)
    I2C2_ER_IRQHandler                       0x080001eb   Thumb Code     0  startup_stm32f10x_hd.o(.text)
    I2C2_EV_IRQHandler                       0x080001eb   Thumb Code     0  startup_stm32f10x_hd.o(.text)
    PVD_IRQHandler                           0x080001eb   Thumb Code     0  startup_stm32f10x_hd.o(.text)
    RCC_IRQHandler                           0x080001eb   Thumb Code     0  startup_stm32f10x_hd.o(.text)
    RTCAlarm_IRQHandler                      0x080001eb   Thumb Code     0  startup_stm32f10x_hd.o(.text)
    RTC_IRQHandler                           0x080001eb   Thumb Code     0  startup_stm32f10x_hd.o(.text)
    SDIO_IRQHandler                          0x080001eb   Thumb Code     0  startup_stm32f10x_hd.o(.text)
    SPI1_IRQHandler                          0x080001eb   Thumb Code     0  startup_stm32f10x_hd.o(.text)
    SPI2_IRQHandler                          0x080001eb   Thumb Code     0  startup_stm32f10x_hd.o(.text)
    SPI3_IRQHandler                          0x080001eb   Thumb Code     0  startup_stm32f10x_hd.o(.text)
    TAMPER_IRQHandler                        0x080001eb   Thumb Code     0  startup_stm32f10x_hd.o(.text)
    TIM1_BRK_IRQHandler                      0x080001eb   Thumb Code     0  startup_stm32f10x_hd.o(.text)
    TIM1_CC_IRQHandler                       0x080001eb   Thumb Code     0  startup_stm32f10x_hd.o(.text)
    TIM1_TRG_COM_IRQHandler                  0x080001eb   Thumb Code     0  startup_stm32f10x_hd.o(.text)
    TIM1_UP_IRQHandler                       0x080001eb   Thumb Code     0  startup_stm32f10x_hd.o(.text)
    TIM4_IRQHandler                          0x080001eb   Thumb Code     0  startup_stm32f10x_hd.o(.text)
    TIM6_IRQHandler                          0x080001eb   Thumb Code     0  startup_stm32f10x_hd.o(.text)
    TIM7_IRQHandler                          0x080001eb   Thumb Code     0  startup_stm32f10x_hd.o(.text)
    TIM8_BRK_IRQHandler                      0x080001eb   Thumb Code     0  startup_stm32f10x_hd.o(.text)
    TIM8_CC_IRQHandler                       0x080001eb   Thumb Code     0  startup_stm32f10x_hd.o(.text)
    TIM8_TRG_COM_IRQHandler                  0x080001eb   Thumb Code     0  startup_stm32f10x_hd.o(.text)
    TIM8_UP_IRQHandler                       0x080001eb   Thumb Code     0  startup_stm32f10x_hd.o(.text)
    UART4_IRQHandler                         0x080001eb   Thumb Code     0  startup_stm32f10x_hd.o(.text)
    UART5_IRQHandler                         0x080001eb   Thumb Code     0  startup_stm32f10x_hd.o(.text)
    USART2_IRQHandler                        0x080001eb   Thumb Code     0  startup_stm32f10x_hd.o(.text)
    USART3_IRQHandler                        0x080001eb   Thumb Code     0  startup_stm32f10x_hd.o(.text)
    USBWakeUp_IRQHandler                     0x080001eb   Thumb Code     0  startup_stm32f10x_hd.o(.text)
    USB_HP_CAN1_TX_IRQHandler                0x080001eb   Thumb Code     0  startup_stm32f10x_hd.o(.text)
    USB_LP_CAN1_RX0_IRQHandler               0x080001eb   Thumb Code     0  startup_stm32f10x_hd.o(.text)
    WWDG_IRQHandler                          0x080001eb   Thumb Code     0  startup_stm32f10x_hd.o(.text)
    __user_initial_stackheap                 0x080001ed   Thumb Code     0  startup_stm32f10x_hd.o(.text)
    __use_no_semihosting                     0x0800020d   Thumb Code     2  use_no_semi_2.o(.text)
    __2printf                                0x08000211   Thumb Code    20  noretval__2printf.o(.text)
    __2sprintf                               0x08000229   Thumb Code    34  noretval__2sprintf.o(.text)
    _printf_pre_padding                      0x08000251   Thumb Code    44  _printf_pad.o(.text)
    _printf_post_padding                     0x0800027d   Thumb Code    34  _printf_pad.o(.text)
    _printf_int_dec                          0x080002a1   Thumb Code   104  _printf_dec.o(.text)
    __printf                                 0x08000319   Thumb Code   270  __printf_wp.o(.text)
    __aeabi_memcpy                           0x08000427   Thumb Code     0  rt_memcpy_v6.o(.text)
    __rt_memcpy                              0x08000427   Thumb Code   138  rt_memcpy_v6.o(.text)
    _memcpy_lastbytes                        0x0800048d   Thumb Code     0  rt_memcpy_v6.o(.text)
    __use_two_region_memory                  0x080004b1   Thumb Code     2  heapauxi.o(.text)
    __rt_heap_escrow$2region                 0x080004b3   Thumb Code     2  heapauxi.o(.text)
    __rt_heap_expand$2region                 0x080004b5   Thumb Code     2  heapauxi.o(.text)
    __I$use$semihosting                      0x080004b7   Thumb Code     0  use_no_semi.o(.text)
    __use_no_semihosting_swi                 0x080004b7   Thumb Code     2  use_no_semi.o(.text)
    _printf_int_common                       0x080004b9   Thumb Code   178  _printf_intcommon.o(.text)
    _printf_char_common                      0x08000577   Thumb Code    32  _printf_char_common.o(.text)
    _sputc                                   0x0800059d   Thumb Code    10  _sputc.o(.text)
    _printf_char_file                        0x080005a9   Thumb Code    32  _printf_char_file.o(.text)
    __aeabi_memcpy4                          0x080005cd   Thumb Code     0  rt_memcpy_w.o(.text)
    __aeabi_memcpy8                          0x080005cd   Thumb Code     0  rt_memcpy_w.o(.text)
    __rt_memcpy_w                            0x080005cd   Thumb Code   100  rt_memcpy_w.o(.text)
    _memcpy_lastbytes_aligned                0x08000615   Thumb Code     0  rt_memcpy_w.o(.text)
    ferror                                   0x08000631   Thumb Code     8  ferror.o(.text)
    __user_setup_stackheap                   0x08000639   Thumb Code    74  sys_stackheap_outer.o(.text)
    exit                                     0x08000683   Thumb Code    18  exit.o(.text)
    __user_libspace                          0x08000695   Thumb Code     8  libspace.o(.text)
    __user_perproc_libspace                  0x08000695   Thumb Code     0  libspace.o(.text)
    __user_perthread_libspace                0x08000695   Thumb Code     0  libspace.o(.text)
    ADC_Cmd                                  0x0800069d   Thumb Code    22  stm32f10x_adc.o(i.ADC_Cmd)
    ADC_DMACmd                               0x080006b3   Thumb Code    22  stm32f10x_adc.o(i.ADC_DMACmd)
    ADC_DeInit                               0x080006c9   Thumb Code    78  stm32f10x_adc.o(i.ADC_DeInit)
    ADC_ExternalTrigConvCmd                  0x08000725   Thumb Code    22  stm32f10x_adc.o(i.ADC_ExternalTrigConvCmd)
    ADC_GetCalibrationStatus                 0x0800073b   Thumb Code    20  stm32f10x_adc.o(i.ADC_GetCalibrationStatus)
    ADC_GetResetCalibrationStatus            0x0800074f   Thumb Code    20  stm32f10x_adc.o(i.ADC_GetResetCalibrationStatus)
    ADC_Init                                 0x08000765   Thumb Code    70  stm32f10x_adc.o(i.ADC_Init)
    ADC_RegularChannelConfig                 0x080007b5   Thumb Code   184  stm32f10x_adc.o(i.ADC_RegularChannelConfig)
    ADC_ResetCalibration                     0x0800086d   Thumb Code    10  stm32f10x_adc.o(i.ADC_ResetCalibration)
    ADC_StartCalibration                     0x08000877   Thumb Code    10  stm32f10x_adc.o(i.ADC_StartCalibration)
    BusFault_Handler                         0x08000881   Thumb Code     4  stm32f10x_it.o(i.BusFault_Handler)
    DMA1_Channel1_IRQHandler                 0x08000885   Thumb Code    24  adc.o(i.DMA1_Channel1_IRQHandler)
    DMA_ClearITPendingBit                    0x0800089d   Thumb Code    18  stm32f10x_dma.o(i.DMA_ClearITPendingBit)
    DMA_Cmd                                  0x080008b9   Thumb Code    24  stm32f10x_dma.o(i.DMA_Cmd)
    DMA_DeInit                               0x080008d1   Thumb Code   324  stm32f10x_dma.o(i.DMA_DeInit)
    DMA_GetITStatus                          0x08000a1d   Thumb Code    36  stm32f10x_dma.o(i.DMA_GetITStatus)
    DMA_ITConfig                             0x08000a49   Thumb Code    18  stm32f10x_dma.o(i.DMA_ITConfig)
    DMA_Init                                 0x08000a5b   Thumb Code    60  stm32f10x_dma.o(i.DMA_Init)
    DebugMon_Handler                         0x08000a97   Thumb Code     2  stm32f10x_it.o(i.DebugMon_Handler)
    GPIO_Init                                0x08000a99   Thumb Code   278  stm32f10x_gpio.o(i.GPIO_Init)
    GPIO_PinRemapConfig                      0x08000bb1   Thumb Code   138  stm32f10x_gpio.o(i.GPIO_PinRemapConfig)
    GPIO_ReadInputDataBit                    0x08000c41   Thumb Code    18  stm32f10x_gpio.o(i.GPIO_ReadInputDataBit)
    GPIO_ResetBits                           0x08000c53   Thumb Code     4  stm32f10x_gpio.o(i.GPIO_ResetBits)
    GPIO_SetBits                             0x08000c57   Thumb Code     4  stm32f10x_gpio.o(i.GPIO_SetBits)
    GUI_ADC_Updata                           0x08000c5d   Thumb Code   234  gui.o(i.GUI_ADC_Updata)
    GUI_Init                                 0x08000d55   Thumb Code   136  gui.o(i.GUI_Init)
    GUI_Key_Updata                           0x08000e19   Thumb Code   110  gui.o(i.GUI_Key_Updata)
    G_IS_BIT_SET                             0x08000e91   Thumb Code    18  key.o(i.G_IS_BIT_SET)
    G_RESET_BIT                              0x08000ea3   Thumb Code    28  key.o(i.G_RESET_BIT)
    G_SET_BIT                                0x08000ebf   Thumb Code    12  key.o(i.G_SET_BIT)
    HardFault_Handler                        0x08000ecb   Thumb Code     4  stm32f10x_it.o(i.HardFault_Handler)
    IIC_Start                                0x08000ed1   Thumb Code    36  oled.o(i.IIC_Start)
    IIC_Stop                                 0x08000ef9   Thumb Code    28  oled.o(i.IIC_Stop)
    IIC_Wait_Ack                             0x08000f19   Thumb Code    20  oled.o(i.IIC_Wait_Ack)
    JOY_ADC_Calibration                      0x08000f31   Thumb Code   390  adc.o(i.JOY_ADC_Calibration)
    JOY_ADC_Init                             0x080010c9   Thumb Code   342  adc.o(i.JOY_ADC_Init)
    Key_Init                                 0x08001231   Thumb Code   484  key.o(i.Key_Init)
    Key_Pro                                  0x08001465   Thumb Code    50  key.o(i.Key_Pro)
    LED_Init                                 0x080014a1   Thumb Code    60  led.o(i.LED_Init)
    LED_Task                                 0x080014e1   Thumb Code    48  led.o(i.LED_Task)
    MemManage_Handler                        0x08001515   Thumb Code     4  stm32f10x_it.o(i.MemManage_Handler)
    NMI_Handler                              0x08001519   Thumb Code     2  stm32f10x_it.o(i.NMI_Handler)
    NVIC_Init                                0x0800151d   Thumb Code   100  misc.o(i.NVIC_Init)
    NVIC_PriorityGroupConfig                 0x0800158d   Thumb Code    10  misc.o(i.NVIC_PriorityGroupConfig)
    OLED_Clear                               0x080015a1   Thumb Code    62  oled.o(i.OLED_Clear)
    OLED_Display_On                          0x080015df   Thumb Code    28  oled.o(i.OLED_Display_On)
    OLED_Init                                0x080015fd   Thumb Code   268  oled.o(i.OLED_Init)
    OLED_Set_Pos                             0x0800170d   Thumb Code    40  oled.o(i.OLED_Set_Pos)
    OLED_ShowChar                            0x08001735   Thumb Code   154  oled.o(i.OLED_ShowChar)
    OLED_ShowString                          0x080017d9   Thumb Code    58  oled.o(i.OLED_ShowString)
    OLED_WR_Byte                             0x08001813   Thumb Code    24  oled.o(i.OLED_WR_Byte)
    PackDeal                                 0x0800182d   Thumb Code   232  transmit.o(i.PackDeal)
    PendSV_Handler                           0x08001925   Thumb Code     2  stm32f10x_it.o(i.PendSV_Handler)
    RCC_ADCCLKConfig                         0x08001929   Thumb Code    18  stm32f10x_rcc.o(i.RCC_ADCCLKConfig)
    RCC_AHBPeriphClockCmd                    0x08001941   Thumb Code    26  stm32f10x_rcc.o(i.RCC_AHBPeriphClockCmd)
    RCC_APB1PeriphClockCmd                   0x08001961   Thumb Code    26  stm32f10x_rcc.o(i.RCC_APB1PeriphClockCmd)
    RCC_APB2PeriphClockCmd                   0x08001981   Thumb Code    26  stm32f10x_rcc.o(i.RCC_APB2PeriphClockCmd)
    RCC_APB2PeriphResetCmd                   0x080019a1   Thumb Code    26  stm32f10x_rcc.o(i.RCC_APB2PeriphResetCmd)
    RCC_GetClocksFreq                        0x080019c1   Thumb Code   192  stm32f10x_rcc.o(i.RCC_GetClocksFreq)
    SVC_Handler                              0x08001a95   Thumb Code     2  stm32f10x_it.o(i.SVC_Handler)
    SX1278_Init                              0x08001a99   Thumb Code    70  transmit.o(i.SX1278_Init)
    SX1278_Transmit                          0x08001ae9   Thumb Code    56  transmit.o(i.SX1278_Transmit)
    SysTick_Handler                          0x08001c15   Thumb Code    18  systick.o(i.SysTick_Handler)
    SysTick_Init                             0x08001c2d   Thumb Code    38  systick.o(i.SysTick_Init)
    SystemInit                               0x08001c5d   Thumb Code    78  system_stm32f10x.o(i.SystemInit)
    TIM2_IRQHandler                          0x08001cbd   Thumb Code    28  timer.o(i.TIM2_IRQHandler)
    TIM2_Init                                0x08001cdd   Thumb Code    92  timer.o(i.TIM2_Init)
    TIM3_IRQHandler                          0x08001d39   Thumb Code    26  timer.o(i.TIM3_IRQHandler)
    TIM3_Init                                0x08001d59   Thumb Code    94  timer.o(i.TIM3_Init)
    TIM4_Init                                0x08001dbd   Thumb Code   108  timer.o(i.TIM4_Init)
    TIM5_IRQHandler                          0x08001e2d   Thumb Code    26  timer.o(i.TIM5_IRQHandler)
    TIM5_Init                                0x08001e4d   Thumb Code    92  timer.o(i.TIM5_Init)
    TIM_ARRPreloadConfig                     0x08001ead   Thumb Code    24  stm32f10x_tim.o(i.TIM_ARRPreloadConfig)
    TIM_ClearITPendingBit                    0x08001ec5   Thumb Code     6  stm32f10x_tim.o(i.TIM_ClearITPendingBit)
    TIM_Cmd                                  0x08001ecb   Thumb Code    24  stm32f10x_tim.o(i.TIM_Cmd)
    TIM_GetITStatus                          0x08001ee3   Thumb Code    34  stm32f10x_tim.o(i.TIM_GetITStatus)
    TIM_ITConfig                             0x08001f05   Thumb Code    18  stm32f10x_tim.o(i.TIM_ITConfig)
    TIM_OC4Init                              0x08001f19   Thumb Code   114  stm32f10x_tim.o(i.TIM_OC4Init)
    TIM_OC4PreloadConfig                     0x08001f95   Thumb Code    26  stm32f10x_tim.o(i.TIM_OC4PreloadConfig)
    TIM_TimeBaseInit                         0x08001fb1   Thumb Code   122  stm32f10x_tim.o(i.TIM_TimeBaseInit)
    Task_30ms                                0x08002055   Thumb Code    12  task.o(i.Task_30ms)
    Task_500ms                               0x08002061   Thumb Code     8  task.o(i.Task_500ms)
    UART3_Init                               0x08002069   Thumb Code   128  uart.o(i.UART3_Init)
    USART1_IRQHandler                        0x080020f1   Thumb Code   122  usart.o(i.USART1_IRQHandler)
    USART_Cmd                                0x08002179   Thumb Code    24  stm32f10x_usart.o(i.USART_Cmd)
    USART_GetFlagStatus                      0x08002191   Thumb Code    26  stm32f10x_usart.o(i.USART_GetFlagStatus)
    USART_GetITStatus                        0x080021ab   Thumb Code    84  stm32f10x_usart.o(i.USART_GetITStatus)
    USART_ITConfig                           0x080021ff   Thumb Code    74  stm32f10x_usart.o(i.USART_ITConfig)
    USART_Init                               0x08002249   Thumb Code   210  stm32f10x_usart.o(i.USART_Init)
    USART_ReceiveData                        0x08002321   Thumb Code    10  stm32f10x_usart.o(i.USART_ReceiveData)
    UsageFault_Handler                       0x0800232b   Thumb Code     4  stm32f10x_it.o(i.UsageFault_Handler)
    World_Init                               0x08002331   Thumb Code    70  init.o(i.World_Init)
    Write_IIC_Byte                           0x0800238d   Thumb Code    80  oled.o(i.Write_IIC_Byte)
    Write_IIC_Command                        0x080023e1   Thumb Code    44  oled.o(i.Write_IIC_Command)
    Write_IIC_Data                           0x0800240d   Thumb Code    44  oled.o(i.Write_IIC_Data)
    _is_digit                                0x08002439   Thumb Code    14  __printf_wp.o(i._is_digit)
    _sys_exit                                0x08002447   Thumb Code     4  usart.o(i._sys_exit)
    delay_ms                                 0x0800244d   Thumb Code    62  systick.o(i.delay_ms)
    drv_uart_tx_bytes                        0x08002491   Thumb Code    44  uart.o(i.drv_uart_tx_bytes)
    fputc                                    0x080024c1   Thumb Code    24  usart.o(i.fputc)
    getKey                                   0x080024dd   Thumb Code   100  key.o(i.getKey)
    key10Press                               0x08002545   Thumb Code    12  key.o(i.key10Press)
    key11Press                               0x08002555   Thumb Code    12  key.o(i.key11Press)
    key12Press                               0x08002565   Thumb Code    12  key.o(i.key12Press)
    key13Press                               0x08002575   Thumb Code    12  key.o(i.key13Press)
    key14Press                               0x08002585   Thumb Code    12  key.o(i.key14Press)
    key15Press                               0x08002595   Thumb Code    12  key.o(i.key15Press)
    key16Press                               0x080025a5   Thumb Code    12  key.o(i.key16Press)
    key1Press                                0x080025b5   Thumb Code    12  key.o(i.key1Press)
    key2Press                                0x080025c5   Thumb Code    12  key.o(i.key2Press)
    key3Press                                0x080025d5   Thumb Code    12  key.o(i.key3Press)
    key4Press                                0x080025e5   Thumb Code    12  key.o(i.key4Press)
    key5Press                                0x080025f5   Thumb Code    12  key.o(i.key5Press)
    key6Press                                0x08002605   Thumb Code    12  key.o(i.key6Press)
    key7Press                                0x08002615   Thumb Code    12  key.o(i.key7Press)
    key8Press                                0x08002625   Thumb Code    12  key.o(i.key8Press)
    key9Press                                0x08002635   Thumb Code    12  key.o(i.key9Press)
    keyHandle                                0x08002645   Thumb Code    94  key.o(i.keyHandle)
    keyInitOne                               0x080026a9   Thumb Code    78  key.o(i.keyInitOne)
    keyParaInit                              0x08002701   Thumb Code   118  key.o(i.keyParaInit)
    main                                     0x0800277d   Thumb Code     8  main.o(i.main)
    readKeyValue                             0x08002785   Thumb Code    60  key.o(i.readKeyValue)
    uart_init                                0x080027c9   Thumb Code   152  usart.o(i.uart_init)
    wave_filter_median                       0x08002869   Thumb Code    96  wave_filter.o(i.wave_filter_median)
    wave_sort                                0x080028c9   Thumb Code    72  wave_filter.o(i.wave_sort)
    __aeabi_fdiv                             0x08002911   Thumb Code     0  fdiv.o(x$fpl$fdiv)
    _fdiv                                    0x08002911   Thumb Code   384  fdiv.o(x$fpl$fdiv)
    __aeabi_f2iz                             0x08002a95   Thumb Code     0  ffix.o(x$fpl$ffix)
    _ffix                                    0x08002a95   Thumb Code    54  ffix.o(x$fpl$ffix)
    __aeabi_i2f                              0x08002acd   Thumb Code     0  fflt_clz.o(x$fpl$fflt)
    _fflt                                    0x08002acd   Thumb Code    48  fflt_clz.o(x$fpl$fflt)
    __aeabi_fmul                             0x08002afd   Thumb Code     0  fmul.o(x$fpl$fmul)
    _fmul                                    0x08002afd   Thumb Code   258  fmul.o(x$fpl$fmul)
    __fpl_fnaninf                            0x08002bff   Thumb Code   140  fnaninf.o(x$fpl$fnaninf)
    __fpl_fretinf                            0x08002c8b   Thumb Code    10  fretinf.o(x$fpl$fretinf)
    F6x8                                     0x08002c94   Data         552  oled.o(.constdata)
    __I$use$fp                               0x08002c94   Number         0  usenofp.o(x$fpl$usenofp)
    F8X16                                    0x08002ebc   Data        1520  oled.o(.constdata)
    asc2_1206                                0x080034ac   Data        1140  oled.o(.constdata)
    asc2_1608                                0x08003920   Data        1520  oled.o(.constdata)
    asc2_2412                                0x08003f10   Data        3420  oled.o(.constdata)
    Region$$Table$$Base                      0x08004c6c   Number         0  anon$$obj.o(Region$$Table)
    Region$$Table$$Limit                     0x08004c8c   Number         0  anon$$obj.o(Region$$Table)
    __stdout                                 0x20000000   Data           4  usart.o(.data)
    USART_RX_STA                             0x20000004   Data           2  usart.o(.data)
    count                                    0x20000008   Data           4  systick.o(.data)
    SystemCoreClock                          0x2000000c   Data           4  system_stm32f10x.o(.data)
    AHBPrescTable                            0x20000010   Data          16  system_stm32f10x.o(.data)
    keys                                     0x20000035   Data           5  key.o(.data)
    key_value                                0x2000003c   Data           4  key.o(.data)
    USART_RX_BUF                             0x20000050   Data         200  usart.o(.bss)
    singleKey                                0x20000118   Data         272  key.o(.bss)
    KEY_G                                    0x20000228   Data          16  key.o(.bss)
    ADC_Value_G                              0x20000238   Data          14  adc.o(.bss)
    ADC_Value                                0x20000246   Data          14  adc.o(.bss)
    ADC_Calibrator                           0x20000254   Data          14  adc.o(.bss)
    TX_Buffer                                0x200002a8   Data          20  transmit.o(.bss)
    __libspace_start                         0x200002bc   Data          96  libspace.o(.bss)
    __temporary_stack_top$libspace           0x2000031c   Data           0  libspace.o(.bss)



==============================================================================

Memory Map of the image

  Image Entry point : 0x08000131

  Load Region LR_IROM1 (Base: 0x08000000, Size: 0x00004cdc, Max: 0x00080000, ABSOLUTE)

    Execution Region ER_IROM1 (Exec base: 0x08000000, Load base: 0x08000000, Size: 0x00004c8c, Max: 0x00080000, ABSOLUTE)

    Exec Addr    Load Addr    Size         Type   Attr      Idx    E Section Name        Object

    0x08000000   0x08000000   0x00000130   Data   RO          332    RESET               startup_stm32f10x_hd.o
    0x08000130   0x08000130   0x00000008   Code   RO         4022  * !!!main             c_w.l(__main.o)
    0x08000138   0x08000138   0x00000034   Code   RO         4215    !!!scatter          c_w.l(__scatter.o)
    0x0800016c   0x0800016c   0x0000001a   Code   RO         4217    !!handler_copy      c_w.l(__scatter_copy.o)
    0x08000186   0x08000186   0x00000002   PAD
    0x08000188   0x08000188   0x0000001c   Code   RO         4219    !!handler_zi        c_w.l(__scatter_zi.o)
    0x080001a4   0x080001a4   0x00000000   Code   RO         4017    .ARM.Collect$$_printf_percent$$00000000  c_w.l(_printf_percent.o)
    0x080001a4   0x080001a4   0x00000006   Code   RO         4016    .ARM.Collect$$_printf_percent$$00000009  c_w.l(_printf_d.o)
    0x080001aa   0x080001aa   0x00000004   Code   RO         4051    .ARM.Collect$$_printf_percent$$00000017  c_w.l(_printf_percent_end.o)
    0x080001ae   0x080001ae   0x00000002   Code   RO         4089    .ARM.Collect$$libinit$$00000000  c_w.l(libinit.o)
    0x080001b0   0x080001b0   0x00000000   Code   RO         4096    .ARM.Collect$$libinit$$00000002  c_w.l(libinit2.o)
    0x080001b0   0x080001b0   0x00000000   Code   RO         4098    .ARM.Collect$$libinit$$00000004  c_w.l(libinit2.o)
    0x080001b0   0x080001b0   0x00000000   Code   RO         4101    .ARM.Collect$$libinit$$0000000A  c_w.l(libinit2.o)
    0x080001b0   0x080001b0   0x00000000   Code   RO         4103    .ARM.Collect$$libinit$$0000000C  c_w.l(libinit2.o)
    0x080001b0   0x080001b0   0x00000000   Code   RO         4105    .ARM.Collect$$libinit$$0000000E  c_w.l(libinit2.o)
    0x080001b0   0x080001b0   0x00000000   Code   RO         4108    .ARM.Collect$$libinit$$00000011  c_w.l(libinit2.o)
    0x080001b0   0x080001b0   0x00000000   Code   RO         4110    .ARM.Collect$$libinit$$00000013  c_w.l(libinit2.o)
    0x080001b0   0x080001b0   0x00000000   Code   RO         4112    .ARM.Collect$$libinit$$00000015  c_w.l(libinit2.o)
    0x080001b0   0x080001b0   0x00000000   Code   RO         4114    .ARM.Collect$$libinit$$00000017  c_w.l(libinit2.o)
    0x080001b0   0x080001b0   0x00000000   Code   RO         4116    .ARM.Collect$$libinit$$00000019  c_w.l(libinit2.o)
    0x080001b0   0x080001b0   0x00000000   Code   RO         4118    .ARM.Collect$$libinit$$0000001B  c_w.l(libinit2.o)
    0x080001b0   0x080001b0   0x00000000   Code   RO         4120    .ARM.Collect$$libinit$$0000001D  c_w.l(libinit2.o)
    0x080001b0   0x080001b0   0x00000000   Code   RO         4122    .ARM.Collect$$libinit$$0000001F  c_w.l(libinit2.o)
    0x080001b0   0x080001b0   0x00000000   Code   RO         4124    .ARM.Collect$$libinit$$00000021  c_w.l(libinit2.o)
    0x080001b0   0x080001b0   0x00000000   Code   RO         4126    .ARM.Collect$$libinit$$00000023  c_w.l(libinit2.o)
    0x080001b0   0x080001b0   0x00000000   Code   RO         4128    .ARM.Collect$$libinit$$00000025  c_w.l(libinit2.o)
    0x080001b0   0x080001b0   0x00000000   Code   RO         4132    .ARM.Collect$$libinit$$0000002C  c_w.l(libinit2.o)
    0x080001b0   0x080001b0   0x00000000   Code   RO         4134    .ARM.Collect$$libinit$$0000002E  c_w.l(libinit2.o)
    0x080001b0   0x080001b0   0x00000000   Code   RO         4136    .ARM.Collect$$libinit$$00000030  c_w.l(libinit2.o)
    0x080001b0   0x080001b0   0x00000000   Code   RO         4138    .ARM.Collect$$libinit$$00000032  c_w.l(libinit2.o)
    0x080001b0   0x080001b0   0x00000002   Code   RO         4139    .ARM.Collect$$libinit$$00000033  c_w.l(libinit2.o)
    0x080001b2   0x080001b2   0x00000002   Code   RO         4157    .ARM.Collect$$libshutdown$$00000000  c_w.l(libshutdown.o)
    0x080001b4   0x080001b4   0x00000000   Code   RO         4167    .ARM.Collect$$libshutdown$$00000002  c_w.l(libshutdown2.o)
    0x080001b4   0x080001b4   0x00000000   Code   RO         4169    .ARM.Collect$$libshutdown$$00000004  c_w.l(libshutdown2.o)
    0x080001b4   0x080001b4   0x00000000   Code   RO         4172    .ARM.Collect$$libshutdown$$00000007  c_w.l(libshutdown2.o)
    0x080001b4   0x080001b4   0x00000000   Code   RO         4175    .ARM.Collect$$libshutdown$$0000000A  c_w.l(libshutdown2.o)
    0x080001b4   0x080001b4   0x00000000   Code   RO         4177    .ARM.Collect$$libshutdown$$0000000C  c_w.l(libshutdown2.o)
    0x080001b4   0x080001b4   0x00000000   Code   RO         4180    .ARM.Collect$$libshutdown$$0000000F  c_w.l(libshutdown2.o)
    0x080001b4   0x080001b4   0x00000002   Code   RO         4181    .ARM.Collect$$libshutdown$$00000010  c_w.l(libshutdown2.o)
    0x080001b6   0x080001b6   0x00000000   Code   RO         4042    .ARM.Collect$$rtentry$$00000000  c_w.l(__rtentry.o)
    0x080001b6   0x080001b6   0x00000000   Code   RO         4060    .ARM.Collect$$rtentry$$00000002  c_w.l(__rtentry2.o)
    0x080001b6   0x080001b6   0x00000006   Code   RO         4072    .ARM.Collect$$rtentry$$00000004  c_w.l(__rtentry4.o)
    0x080001bc   0x080001bc   0x00000000   Code   RO         4062    .ARM.Collect$$rtentry$$00000009  c_w.l(__rtentry2.o)
    0x080001bc   0x080001bc   0x00000004   Code   RO         4063    .ARM.Collect$$rtentry$$0000000A  c_w.l(__rtentry2.o)
    0x080001c0   0x080001c0   0x00000000   Code   RO         4065    .ARM.Collect$$rtentry$$0000000C  c_w.l(__rtentry2.o)
    0x080001c0   0x080001c0   0x00000008   Code   RO         4066    .ARM.Collect$$rtentry$$0000000D  c_w.l(__rtentry2.o)
    0x080001c8   0x080001c8   0x00000002   Code   RO         4093    .ARM.Collect$$rtexit$$00000000  c_w.l(rtexit.o)
    0x080001ca   0x080001ca   0x00000000   Code   RO         4141    .ARM.Collect$$rtexit$$00000002  c_w.l(rtexit2.o)
    0x080001ca   0x080001ca   0x00000004   Code   RO         4142    .ARM.Collect$$rtexit$$00000003  c_w.l(rtexit2.o)
    0x080001ce   0x080001ce   0x00000006   Code   RO         4143    .ARM.Collect$$rtexit$$00000004  c_w.l(rtexit2.o)
    0x080001d4   0x080001d4   0x00000038   Code   RO          333    .text               startup_stm32f10x_hd.o
    0x0800020c   0x0800020c   0x00000002   Code   RO         3980    .text               c_w.l(use_no_semi_2.o)
    0x0800020e   0x0800020e   0x00000002   PAD
    0x08000210   0x08000210   0x00000018   Code   RO         3986    .text               c_w.l(noretval__2printf.o)
    0x08000228   0x08000228   0x00000028   Code   RO         3988    .text               c_w.l(noretval__2sprintf.o)
    0x08000250   0x08000250   0x0000004e   Code   RO         3992    .text               c_w.l(_printf_pad.o)
    0x0800029e   0x0800029e   0x00000002   PAD
    0x080002a0   0x080002a0   0x00000078   Code   RO         3994    .text               c_w.l(_printf_dec.o)
    0x08000318   0x08000318   0x0000010e   Code   RO         4004    .text               c_w.l(__printf_wp.o)
    0x08000426   0x08000426   0x0000008a   Code   RO         4018    .text               c_w.l(rt_memcpy_v6.o)
    0x080004b0   0x080004b0   0x00000006   Code   RO         4020    .text               c_w.l(heapauxi.o)
    0x080004b6   0x080004b6   0x00000002   Code   RO         4040    .text               c_w.l(use_no_semi.o)
    0x080004b8   0x080004b8   0x000000b2   Code   RO         4043    .text               c_w.l(_printf_intcommon.o)
    0x0800056a   0x0800056a   0x00000002   PAD
    0x0800056c   0x0800056c   0x00000030   Code   RO         4045    .text               c_w.l(_printf_char_common.o)
    0x0800059c   0x0800059c   0x0000000a   Code   RO         4047    .text               c_w.l(_sputc.o)
    0x080005a6   0x080005a6   0x00000002   PAD
    0x080005a8   0x080005a8   0x00000024   Code   RO         4049    .text               c_w.l(_printf_char_file.o)
    0x080005cc   0x080005cc   0x00000064   Code   RO         4052    .text               c_w.l(rt_memcpy_w.o)
    0x08000630   0x08000630   0x00000008   Code   RO         4076    .text               c_w.l(ferror.o)
    0x08000638   0x08000638   0x0000004a   Code   RO         4080    .text               c_w.l(sys_stackheap_outer.o)
    0x08000682   0x08000682   0x00000012   Code   RO         4082    .text               c_w.l(exit.o)
    0x08000694   0x08000694   0x00000008   Code   RO         4090    .text               c_w.l(libspace.o)
    0x0800069c   0x0800069c   0x00000016   Code   RO          379    i.ADC_Cmd           stm32f10x_adc.o
    0x080006b2   0x080006b2   0x00000016   Code   RO          380    i.ADC_DMACmd        stm32f10x_adc.o
    0x080006c8   0x080006c8   0x0000005c   Code   RO          381    i.ADC_DeInit        stm32f10x_adc.o
    0x08000724   0x08000724   0x00000016   Code   RO          384    i.ADC_ExternalTrigConvCmd  stm32f10x_adc.o
    0x0800073a   0x0800073a   0x00000014   Code   RO          387    i.ADC_GetCalibrationStatus  stm32f10x_adc.o
    0x0800074e   0x0800074e   0x00000014   Code   RO          393    i.ADC_GetResetCalibrationStatus  stm32f10x_adc.o
    0x08000762   0x08000762   0x00000002   PAD
    0x08000764   0x08000764   0x00000050   Code   RO          397    i.ADC_Init          stm32f10x_adc.o
    0x080007b4   0x080007b4   0x000000b8   Code   RO          401    i.ADC_RegularChannelConfig  stm32f10x_adc.o
    0x0800086c   0x0800086c   0x0000000a   Code   RO          402    i.ADC_ResetCalibration  stm32f10x_adc.o
    0x08000876   0x08000876   0x0000000a   Code   RO          406    i.ADC_StartCalibration  stm32f10x_adc.o
    0x08000880   0x08000880   0x00000004   Code   RO         1800    i.BusFault_Handler  stm32f10x_it.o
    0x08000884   0x08000884   0x00000018   Code   RO         3769    i.DMA1_Channel1_IRQHandler  adc.o
    0x0800089c   0x0800089c   0x0000001c   Code   RO         1063    i.DMA_ClearITPendingBit  stm32f10x_dma.o
    0x080008b8   0x080008b8   0x00000018   Code   RO         1064    i.DMA_Cmd           stm32f10x_dma.o
    0x080008d0   0x080008d0   0x0000014c   Code   RO         1065    i.DMA_DeInit        stm32f10x_dma.o
    0x08000a1c   0x08000a1c   0x0000002c   Code   RO         1068    i.DMA_GetITStatus   stm32f10x_dma.o
    0x08000a48   0x08000a48   0x00000012   Code   RO         1069    i.DMA_ITConfig      stm32f10x_dma.o
    0x08000a5a   0x08000a5a   0x0000003c   Code   RO         1070    i.DMA_Init          stm32f10x_dma.o
    0x08000a96   0x08000a96   0x00000002   Code   RO         1801    i.DebugMon_Handler  stm32f10x_it.o
    0x08000a98   0x08000a98   0x00000116   Code   RO         1488    i.GPIO_Init         stm32f10x_gpio.o
    0x08000bae   0x08000bae   0x00000002   PAD
    0x08000bb0   0x08000bb0   0x00000090   Code   RO         1490    i.GPIO_PinRemapConfig  stm32f10x_gpio.o
    0x08000c40   0x08000c40   0x00000012   Code   RO         1492    i.GPIO_ReadInputDataBit  stm32f10x_gpio.o
    0x08000c52   0x08000c52   0x00000004   Code   RO         1495    i.GPIO_ResetBits    stm32f10x_gpio.o
    0x08000c56   0x08000c56   0x00000004   Code   RO         1496    i.GPIO_SetBits      stm32f10x_gpio.o
    0x08000c5a   0x08000c5a   0x00000002   PAD
    0x08000c5c   0x08000c5c   0x000000f8   Code   RO         3840    i.GUI_ADC_Updata    gui.o
    0x08000d54   0x08000d54   0x000000c4   Code   RO         3841    i.GUI_Init          gui.o
    0x08000e18   0x08000e18   0x00000078   Code   RO         3842    i.GUI_Key_Updata    gui.o
    0x08000e90   0x08000e90   0x00000012   Code   RO         3600    i.G_IS_BIT_SET      key.o
    0x08000ea2   0x08000ea2   0x0000001c   Code   RO         3601    i.G_RESET_BIT       key.o
    0x08000ebe   0x08000ebe   0x0000000c   Code   RO         3602    i.G_SET_BIT         key.o
    0x08000eca   0x08000eca   0x00000004   Code   RO         1802    i.HardFault_Handler  stm32f10x_it.o
    0x08000ece   0x08000ece   0x00000002   PAD
    0x08000ed0   0x08000ed0   0x00000028   Code   RO         3381    i.IIC_Start         oled.o
    0x08000ef8   0x08000ef8   0x00000020   Code   RO         3382    i.IIC_Stop          oled.o
    0x08000f18   0x08000f18   0x00000018   Code   RO         3383    i.IIC_Wait_Ack      oled.o
    0x08000f30   0x08000f30   0x00000198   Code   RO         3770    i.JOY_ADC_Calibration  adc.o
    0x080010c8   0x080010c8   0x00000168   Code   RO         3771    i.JOY_ADC_Init      adc.o
    0x08001230   0x08001230   0x00000234   Code   RO         3603    i.Key_Init          key.o
    0x08001464   0x08001464   0x0000003c   Code   RO         3604    i.Key_Pro           key.o
    0x080014a0   0x080014a0   0x00000040   Code   RO         3361    i.LED_Init          led.o
    0x080014e0   0x080014e0   0x00000034   Code   RO         3362    i.LED_Task          led.o
    0x08001514   0x08001514   0x00000004   Code   RO         1803    i.MemManage_Handler  stm32f10x_it.o
    0x08001518   0x08001518   0x00000002   Code   RO         1804    i.NMI_Handler       stm32f10x_it.o
    0x0800151a   0x0800151a   0x00000002   PAD
    0x0800151c   0x0800151c   0x00000070   Code   RO          337    i.NVIC_Init         misc.o
    0x0800158c   0x0800158c   0x00000014   Code   RO          338    i.NVIC_PriorityGroupConfig  misc.o
    0x080015a0   0x080015a0   0x0000003e   Code   RO         3384    i.OLED_Clear        oled.o
    0x080015de   0x080015de   0x0000001c   Code   RO         3388    i.OLED_Display_On   oled.o
    0x080015fa   0x080015fa   0x00000002   PAD
    0x080015fc   0x080015fc   0x00000110   Code   RO         3390    i.OLED_Init         oled.o
    0x0800170c   0x0800170c   0x00000028   Code   RO         3392    i.OLED_Set_Pos      oled.o
    0x08001734   0x08001734   0x000000a4   Code   RO         3396    i.OLED_ShowChar     oled.o
    0x080017d8   0x080017d8   0x0000003a   Code   RO         3398    i.OLED_ShowString   oled.o
    0x08001812   0x08001812   0x00000018   Code   RO         3399    i.OLED_WR_Byte      oled.o
    0x0800182a   0x0800182a   0x00000002   PAD
    0x0800182c   0x0800182c   0x000000f8   Code   RO         3911    i.PackDeal          transmit.o
    0x08001924   0x08001924   0x00000002   Code   RO         1805    i.PendSV_Handler    stm32f10x_it.o
    0x08001926   0x08001926   0x00000002   PAD
    0x08001928   0x08001928   0x00000018   Code   RO         1959    i.RCC_ADCCLKConfig  stm32f10x_rcc.o
    0x08001940   0x08001940   0x00000020   Code   RO         1960    i.RCC_AHBPeriphClockCmd  stm32f10x_rcc.o
    0x08001960   0x08001960   0x00000020   Code   RO         1961    i.RCC_APB1PeriphClockCmd  stm32f10x_rcc.o
    0x08001980   0x08001980   0x00000020   Code   RO         1963    i.RCC_APB2PeriphClockCmd  stm32f10x_rcc.o
    0x080019a0   0x080019a0   0x00000020   Code   RO         1964    i.RCC_APB2PeriphResetCmd  stm32f10x_rcc.o
    0x080019c0   0x080019c0   0x000000d4   Code   RO         1971    i.RCC_GetClocksFreq  stm32f10x_rcc.o
    0x08001a94   0x08001a94   0x00000002   Code   RO         1806    i.SVC_Handler       stm32f10x_it.o
    0x08001a96   0x08001a96   0x00000002   PAD
    0x08001a98   0x08001a98   0x00000050   Code   RO         3912    i.SX1278_Init       transmit.o
    0x08001ae8   0x08001ae8   0x00000044   Code   RO         3913    i.SX1278_Transmit   transmit.o
    0x08001b2c   0x08001b2c   0x00000008   Code   RO          241    i.SetSysClock       system_stm32f10x.o
    0x08001b34   0x08001b34   0x000000e0   Code   RO          242    i.SetSysClockTo72   system_stm32f10x.o
    0x08001c14   0x08001c14   0x00000018   Code   RO          144    i.SysTick_Handler   systick.o
    0x08001c2c   0x08001c2c   0x00000030   Code   RO          145    i.SysTick_Init      systick.o
    0x08001c5c   0x08001c5c   0x00000060   Code   RO          244    i.SystemInit        system_stm32f10x.o
    0x08001cbc   0x08001cbc   0x00000020   Code   RO         3550    i.TIM2_IRQHandler   timer.o
    0x08001cdc   0x08001cdc   0x0000005c   Code   RO         3551    i.TIM2_Init         timer.o
    0x08001d38   0x08001d38   0x00000020   Code   RO         3552    i.TIM3_IRQHandler   timer.o
    0x08001d58   0x08001d58   0x00000064   Code   RO         3553    i.TIM3_Init         timer.o
    0x08001dbc   0x08001dbc   0x00000070   Code   RO         3554    i.TIM4_Init         timer.o
    0x08001e2c   0x08001e2c   0x00000020   Code   RO         3555    i.TIM5_IRQHandler   timer.o
    0x08001e4c   0x08001e4c   0x00000060   Code   RO         3556    i.TIM5_Init         timer.o
    0x08001eac   0x08001eac   0x00000018   Code   RO         2583    i.TIM_ARRPreloadConfig  stm32f10x_tim.o
    0x08001ec4   0x08001ec4   0x00000006   Code   RO         2590    i.TIM_ClearITPendingBit  stm32f10x_tim.o
    0x08001eca   0x08001eca   0x00000018   Code   RO         2595    i.TIM_Cmd           stm32f10x_tim.o
    0x08001ee2   0x08001ee2   0x00000022   Code   RO         2616    i.TIM_GetITStatus   stm32f10x_tim.o
    0x08001f04   0x08001f04   0x00000012   Code   RO         2620    i.TIM_ITConfig      stm32f10x_tim.o
    0x08001f16   0x08001f16   0x00000002   PAD
    0x08001f18   0x08001f18   0x0000007c   Code   RO         2639    i.TIM_OC4Init       stm32f10x_tim.o
    0x08001f94   0x08001f94   0x0000001a   Code   RO         2641    i.TIM_OC4PreloadConfig  stm32f10x_tim.o
    0x08001fae   0x08001fae   0x00000002   PAD
    0x08001fb0   0x08001fb0   0x000000a4   Code   RO         2666    i.TIM_TimeBaseInit  stm32f10x_tim.o
    0x08002054   0x08002054   0x0000000c   Code   RO         3884    i.Task_30ms         task.o
    0x08002060   0x08002060   0x00000008   Code   RO         3885    i.Task_500ms        task.o
    0x08002068   0x08002068   0x00000088   Code   RO         3806    i.UART3_Init        uart.o
    0x080020f0   0x080020f0   0x00000088   Code   RO           17    i.USART1_IRQHandler  usart.o
    0x08002178   0x08002178   0x00000018   Code   RO         3131    i.USART_Cmd         stm32f10x_usart.o
    0x08002190   0x08002190   0x0000001a   Code   RO         3134    i.USART_GetFlagStatus  stm32f10x_usart.o
    0x080021aa   0x080021aa   0x00000054   Code   RO         3135    i.USART_GetITStatus  stm32f10x_usart.o
    0x080021fe   0x080021fe   0x0000004a   Code   RO         3137    i.USART_ITConfig    stm32f10x_usart.o
    0x08002248   0x08002248   0x000000d8   Code   RO         3138    i.USART_Init        stm32f10x_usart.o
    0x08002320   0x08002320   0x0000000a   Code   RO         3145    i.USART_ReceiveData  stm32f10x_usart.o
    0x0800232a   0x0800232a   0x00000004   Code   RO         1807    i.UsageFault_Handler  stm32f10x_it.o
    0x0800232e   0x0800232e   0x00000002   PAD
    0x08002330   0x08002330   0x0000005c   Code   RO         3870    i.World_Init        init.o
    0x0800238c   0x0800238c   0x00000054   Code   RO         3400    i.Write_IIC_Byte    oled.o
    0x080023e0   0x080023e0   0x0000002c   Code   RO         3401    i.Write_IIC_Command  oled.o
    0x0800240c   0x0800240c   0x0000002c   Code   RO         3402    i.Write_IIC_Data    oled.o
    0x08002438   0x08002438   0x0000000e   Code   RO         4006    i._is_digit         c_w.l(__printf_wp.o)
    0x08002446   0x08002446   0x00000004   Code   RO           18    i._sys_exit         usart.o
    0x0800244a   0x0800244a   0x00000002   PAD
    0x0800244c   0x0800244c   0x00000044   Code   RO          146    i.delay_ms          systick.o
    0x08002490   0x08002490   0x00000030   Code   RO         3808    i.drv_uart_tx_bytes  uart.o
    0x080024c0   0x080024c0   0x0000001c   Code   RO           19    i.fputc             usart.o
    0x080024dc   0x080024dc   0x00000068   Code   RO         3605    i.getKey            key.o
    0x08002544   0x08002544   0x00000010   Code   RO         3606    i.key10Press        key.o
    0x08002554   0x08002554   0x00000010   Code   RO         3607    i.key11Press        key.o
    0x08002564   0x08002564   0x00000010   Code   RO         3608    i.key12Press        key.o
    0x08002574   0x08002574   0x00000010   Code   RO         3609    i.key13Press        key.o
    0x08002584   0x08002584   0x00000010   Code   RO         3610    i.key14Press        key.o
    0x08002594   0x08002594   0x00000010   Code   RO         3611    i.key15Press        key.o
    0x080025a4   0x080025a4   0x00000010   Code   RO         3612    i.key16Press        key.o
    0x080025b4   0x080025b4   0x00000010   Code   RO         3613    i.key1Press         key.o
    0x080025c4   0x080025c4   0x00000010   Code   RO         3614    i.key2Press         key.o
    0x080025d4   0x080025d4   0x00000010   Code   RO         3615    i.key3Press         key.o
    0x080025e4   0x080025e4   0x00000010   Code   RO         3616    i.key4Press         key.o
    0x080025f4   0x080025f4   0x00000010   Code   RO         3617    i.key5Press         key.o
    0x08002604   0x08002604   0x00000010   Code   RO         3618    i.key6Press         key.o
    0x08002614   0x08002614   0x00000010   Code   RO         3619    i.key7Press         key.o
    0x08002624   0x08002624   0x00000010   Code   RO         3620    i.key8Press         key.o
    0x08002634   0x08002634   0x00000010   Code   RO         3621    i.key9Press         key.o
    0x08002644   0x08002644   0x00000064   Code   RO         3622    i.keyHandle         key.o
    0x080026a8   0x080026a8   0x00000058   Code   RO         3623    i.keyInitOne        key.o
    0x08002700   0x08002700   0x0000007c   Code   RO         3624    i.keyParaInit       key.o
    0x0800277c   0x0800277c   0x00000008   Code   RO          180    i.main              main.o
    0x08002784   0x08002784   0x00000044   Code   RO         3625    i.readKeyValue      key.o
    0x080027c8   0x080027c8   0x000000a0   Code   RO           20    i.uart_init         usart.o
    0x08002868   0x08002868   0x00000060   Code   RO          299    i.wave_filter_median  wave_filter.o
    0x080028c8   0x080028c8   0x00000048   Code   RO          300    i.wave_sort         wave_filter.o
    0x08002910   0x08002910   0x00000184   Code   RO         4025    x$fpl$fdiv          fz_ws.l(fdiv.o)
    0x08002a94   0x08002a94   0x00000036   Code   RO         4028    x$fpl$ffix          fz_ws.l(ffix.o)
    0x08002aca   0x08002aca   0x00000002   PAD
    0x08002acc   0x08002acc   0x00000030   Code   RO         4033    x$fpl$fflt          fz_ws.l(fflt_clz.o)
    0x08002afc   0x08002afc   0x00000102   Code   RO         4038    x$fpl$fmul          fz_ws.l(fmul.o)
    0x08002bfe   0x08002bfe   0x0000008c   Code   RO         4054    x$fpl$fnaninf       fz_ws.l(fnaninf.o)
    0x08002c8a   0x08002c8a   0x0000000a   Code   RO         4056    x$fpl$fretinf       fz_ws.l(fretinf.o)
    0x08002c94   0x08002c94   0x00000000   Code   RO         4058    x$fpl$usenofp       fz_ws.l(usenofp.o)
    0x08002c94   0x08002c94   0x00001fd8   Data   RO         3405    .constdata          oled.o
    0x08004c6c   0x08004c6c   0x00000020   Data   RO         4213    Region$$Table       anon$$obj.o


    Execution Region RW_IRAM1 (Exec base: 0x20000000, Load base: 0x08004c8c, Size: 0x00000920, Max: 0x00010000, ABSOLUTE)

    Exec Addr    Load Addr    Size         Type   Attr      Idx    E Section Name        Object

    0x20000000   0x08004c8c   0x00000006   Data   RW           22    .data               usart.o
    0x20000006   0x08004c92   0x00000002   PAD
    0x20000008   0x08004c94   0x00000004   Data   RW          148    .data               systick.o
    0x2000000c   0x08004c98   0x00000014   Data   RW          245    .data               system_stm32f10x.o
    0x20000020   0x08004cac   0x00000014   Data   RW         1991    .data               stm32f10x_rcc.o
    0x20000034   0x08004cc0   0x00000010   Data   RW         3627    .data               key.o
    0x20000044   0x08004cd0   0x00000006   Data   RW         3843    .data               gui.o
    0x2000004a   0x08004cd6   0x00000003   Data   RW         3916    .data               transmit.o
    0x2000004d   0x08004cd9   0x00000003   PAD
    0x20000050        -       0x000000c8   Zero   RW           21    .bss                usart.o
    0x20000118        -       0x00000120   Zero   RW         3626    .bss                key.o
    0x20000238        -       0x00000070   Zero   RW         3772    .bss                adc.o
    0x200002a8        -       0x00000014   Zero   RW         3914    .bss                transmit.o
    0x200002bc        -       0x00000060   Zero   RW         4091    .bss                c_w.l(libspace.o)
    0x2000031c   0x08004cd9   0x00000004   PAD
    0x20000320        -       0x00000200   Zero   RW          331    HEAP                startup_stm32f10x_hd.o
    0x20000520        -       0x00000400   Zero   RW          330    STACK               startup_stm32f10x_hd.o


==============================================================================

Image component sizes


      Code (inc. data)   RO Data    RW Data    ZI Data      Debug   Object Name

       792         36          0          0        112      17686   adc.o
         0          0          0          0          0       4532   core_cm3.o
       564         84          0          6          0       1701   gui.o
        92         22          0          0          0        481   init.o
      1422        188          0         16        288      14041   key.o
       116          8          0          0          0        906   led.o
         8          0          0          0          0        391   main.o
       132         22          0          0          0       1419   misc.o
       916         30       8152          0          0       7914   oled.o
        56         22        304          0       1536        788   startup_stm32f10x_hd.o
       482         24          0          0          0       7569   stm32f10x_adc.o
       506         26          0          0          0       4879   stm32f10x_dma.o
       448          6          0          0          0       4262   stm32f10x_gpio.o
        24          0          0          0          0       3380   stm32f10x_it.o
       364         50          0         20          0       5846   stm32f10x_rcc.o
       420         52          0          0          0       5062   stm32f10x_tim.o
       434          6          0          0          0       5360   stm32f10x_usart.o
       328         28          0         20          0       2005   system_stm32f10x.o
       140         22          0          4          0       1544   systick.o
        20          0          0          0          0        865   task.o
       496         30          0          0          0       3754   timer.o
       396         38          0          3         20       2279   transmit.o
       184         12          0          0          0       1469   uart.o
       328         26          0          6        200     270936   usart.o
       168          0          0          0          0       1841   wave_filter.o

    ----------------------------------------------------------------------
      8862        732       8488         80       2156     370910   Object Totals
         0          0         32          0          0          0   (incl. Generated)
        26          0          0          5          0          0   (incl. Padding)

    ----------------------------------------------------------------------

      Code (inc. data)   RO Data    RW Data    ZI Data      Debug   Library Member Name

         8          0          0          0          0         68   __main.o
       284          0          0          0          0        156   __printf_wp.o
         0          0          0          0          0          0   __rtentry.o
        12          0          0          0          0          0   __rtentry2.o
         6          0          0          0          0          0   __rtentry4.o
        52          8          0          0          0          0   __scatter.o
        26          0          0          0          0          0   __scatter_copy.o
        28          0          0          0          0          0   __scatter_zi.o
        48          6          0          0          0         96   _printf_char_common.o
        36          4          0          0          0         80   _printf_char_file.o
         6          0          0          0          0          0   _printf_d.o
       120         16          0          0          0         92   _printf_dec.o
       178          0          0          0          0         88   _printf_intcommon.o
        78          0          0          0          0        108   _printf_pad.o
         0          0          0          0          0          0   _printf_percent.o
         4          0          0          0          0          0   _printf_percent_end.o
        10          0          0          0          0         68   _sputc.o
        18          0          0          0          0         80   exit.o
         8          0          0          0          0         68   ferror.o
         6          0          0          0          0        152   heapauxi.o
         2          0          0          0          0          0   libinit.o
         2          0          0          0          0          0   libinit2.o
         2          0          0          0          0          0   libshutdown.o
         2          0          0          0          0          0   libshutdown2.o
         8          4          0          0         96         68   libspace.o
        24          4          0          0          0         84   noretval__2printf.o
        40          6          0          0          0         84   noretval__2sprintf.o
       138          0          0          0          0         68   rt_memcpy_v6.o
       100          0          0          0          0         80   rt_memcpy_w.o
         2          0          0          0          0          0   rtexit.o
        10          0          0          0          0          0   rtexit2.o
        74          0          0          0          0         80   sys_stackheap_outer.o
         2          0          0          0          0         68   use_no_semi.o
         2          0          0          0          0         68   use_no_semi_2.o
       388         76          0          0          0         96   fdiv.o
        54          4          0          0          0         84   ffix.o
        48          0          0          0          0         68   fflt_clz.o
       258          4          0          0          0         84   fmul.o
       140          4          0          0          0         84   fnaninf.o
        10          0          0          0          0         68   fretinf.o
         0          0          0          0          0          0   usenofp.o

    ----------------------------------------------------------------------
      2246        136          0          0        100       2140   Library Totals
        12          0          0          0          4          0   (incl. Padding)

    ----------------------------------------------------------------------

      Code (inc. data)   RO Data    RW Data    ZI Data      Debug   Library Name

      1336         48          0          0         96       1656   c_w.l
       898         88          0          0          0        484   fz_ws.l

    ----------------------------------------------------------------------
      2246        136          0          0        100       2140   Library Totals

    ----------------------------------------------------------------------

==============================================================================


      Code (inc. data)   RO Data    RW Data    ZI Data      Debug   

     11108        868       8488         80       2256     365610   Grand Totals
     11108        868       8488         80       2256     365610   ELF Image Totals
     11108        868       8488         80          0          0   ROM Totals

==============================================================================

    Total RO  Size (Code + RO Data)                19596 (  19.14kB)
    Total RW  Size (RW Data + ZI Data)              2336 (   2.28kB)
    Total ROM Size (Code + RO Data + RW Data)      19676 (  19.21kB)

==============================================================================

